Archive member included to satisfy reference by file (symbol)

c:/program files (x86)/atmel/studio/7.0/toolchain/avr8/avr8-gnu-toolchain/bin/../lib/gcc/avr/5.4.0/../../../../avr/lib/avr5\libm.a(fixunssfsi.o)
                              APP/APP.o (__fixunssfsi)
c:/program files (x86)/atmel/studio/7.0/toolchain/avr8/avr8-gnu-toolchain/bin/../lib/gcc/avr/5.4.0/../../../../avr/lib/avr5\libm.a(floatsisf.o)
                              APP/APP.o (__floatunsisf)
c:/program files (x86)/atmel/studio/7.0/toolchain/avr8/avr8-gnu-toolchain/bin/../lib/gcc/avr/5.4.0/../../../../avr/lib/avr5\libm.a(fp_split3.o)
                              c:/program files (x86)/atmel/studio/7.0/toolchain/avr8/avr8-gnu-toolchain/bin/../lib/gcc/avr/5.4.0/../../../../avr/lib/avr5\libm.a(fixunssfsi.o) (__fp_splitA)
c:/program files (x86)/atmel/studio/7.0/toolchain/avr8/avr8-gnu-toolchain/bin/../lib/gcc/avr/5.4.0/../../../../avr/lib/avr5\libm.a(fp_zero.o)
                              c:/program files (x86)/atmel/studio/7.0/toolchain/avr8/avr8-gnu-toolchain/bin/../lib/gcc/avr/5.4.0/../../../../avr/lib/avr5\libm.a(fixunssfsi.o) (__fp_zero)
c:/program files (x86)/atmel/studio/7.0/toolchain/avr8/avr8-gnu-toolchain/bin/../lib/gcc/avr/5.4.0/../../../../avr/lib/avr5\libm.a(mulsf3.o)
                              APP/APP.o (__mulsf3)
c:/program files (x86)/atmel/studio/7.0/toolchain/avr8/avr8-gnu-toolchain/bin/../lib/gcc/avr/5.4.0/../../../../avr/lib/avr5\libm.a(mulsf3x.o)
                              c:/program files (x86)/atmel/studio/7.0/toolchain/avr8/avr8-gnu-toolchain/bin/../lib/gcc/avr/5.4.0/../../../../avr/lib/avr5\libm.a(mulsf3.o) (__mulsf3x)
c:/program files (x86)/atmel/studio/7.0/toolchain/avr8/avr8-gnu-toolchain/bin/../lib/gcc/avr/5.4.0/../../../../avr/lib/avr5\libm.a(fp_inf.o)
                              c:/program files (x86)/atmel/studio/7.0/toolchain/avr8/avr8-gnu-toolchain/bin/../lib/gcc/avr/5.4.0/../../../../avr/lib/avr5\libm.a(mulsf3x.o) (__fp_inf)
c:/program files (x86)/atmel/studio/7.0/toolchain/avr8/avr8-gnu-toolchain/bin/../lib/gcc/avr/5.4.0/../../../../avr/lib/avr5\libm.a(fp_nan.o)
                              c:/program files (x86)/atmel/studio/7.0/toolchain/avr8/avr8-gnu-toolchain/bin/../lib/gcc/avr/5.4.0/../../../../avr/lib/avr5\libm.a(mulsf3x.o) (__fp_nan)
c:/program files (x86)/atmel/studio/7.0/toolchain/avr8/avr8-gnu-toolchain/bin/../lib/gcc/avr/5.4.0/../../../../avr/lib/avr5\libm.a(fp_pscA.o)
                              c:/program files (x86)/atmel/studio/7.0/toolchain/avr8/avr8-gnu-toolchain/bin/../lib/gcc/avr/5.4.0/../../../../avr/lib/avr5\libm.a(mulsf3x.o) (__fp_pscA)
c:/program files (x86)/atmel/studio/7.0/toolchain/avr8/avr8-gnu-toolchain/bin/../lib/gcc/avr/5.4.0/../../../../avr/lib/avr5\libm.a(fp_pscB.o)
                              c:/program files (x86)/atmel/studio/7.0/toolchain/avr8/avr8-gnu-toolchain/bin/../lib/gcc/avr/5.4.0/../../../../avr/lib/avr5\libm.a(mulsf3x.o) (__fp_pscB)
c:/program files (x86)/atmel/studio/7.0/toolchain/avr8/avr8-gnu-toolchain/bin/../lib/gcc/avr/5.4.0/../../../../avr/lib/avr5\libm.a(fp_round.o)
                              c:/program files (x86)/atmel/studio/7.0/toolchain/avr8/avr8-gnu-toolchain/bin/../lib/gcc/avr/5.4.0/../../../../avr/lib/avr5\libm.a(mulsf3.o) (__fp_round)
c:/program files (x86)/atmel/studio/7.0/toolchain/avr8/avr8-gnu-toolchain/bin/../lib/gcc/avr/5.4.0/avr5\libgcc.a(_exit.o)
                              C:/Program Files (x86)/Atmel/Studio/7.0/Packs/atmel/ATmega_DFP/1.2.209/gcc/dev/atmega32/avr5/crtatmega32.o (exit)
c:/program files (x86)/atmel/studio/7.0/toolchain/avr8/avr8-gnu-toolchain/bin/../lib/gcc/avr/5.4.0/avr5\libgcc.a(_copy_data.o)
                              APP/APP.o (__do_copy_data)
c:/program files (x86)/atmel/studio/7.0/toolchain/avr8/avr8-gnu-toolchain/bin/../lib/gcc/avr/5.4.0/avr5\libgcc.a(_clear_bss.o)
                              APP/APP.o (__do_clear_bss)

Allocating common symbols
Common symbol       size              file

str_BCM_Fram_TX     0x6               Frimware/BCM/BCM.o
str_BCM_Fram_RX     0x6               Frimware/BCM/BCM.o

Discarded input sections

 .data          0x00000000        0x0 C:/Program Files (x86)/Atmel/Studio/7.0/Packs/atmel/ATmega_DFP/1.2.209/gcc/dev/atmega32/avr5/crtatmega32.o
 .bss           0x00000000        0x0 C:/Program Files (x86)/Atmel/Studio/7.0/Packs/atmel/ATmega_DFP/1.2.209/gcc/dev/atmega32/avr5/crtatmega32.o
 .text          0x00000000        0x0 APP/APP.o
 .data          0x00000000        0x0 APP/APP.o
 .bss           0x00000000        0x0 APP/APP.o
 .text          0x00000000        0x0 Frimware/BCM/BCM.o
 .data          0x00000000        0x0 Frimware/BCM/BCM.o
 .bss           0x00000000        0x0 Frimware/BCM/BCM.o
 .text.g_BCM_TX_callback
                0x00000000        0xe Frimware/BCM/BCM.o
 .text.g_BCM_RX_callback
                0x00000000       0x7a Frimware/BCM/BCM.o
 .text.BCM_Init
                0x00000000       0x86 Frimware/BCM/BCM.o
 .text.BCM_Send
                0x00000000       0x50 Frimware/BCM/BCM.o
 .text.BCM_TxDispatcher
                0x00000000      0x206 Frimware/BCM/BCM.o
 .text.BCM_SetupRX_Buffer
                0x00000000       0x42 Frimware/BCM/BCM.o
 .text.BCM_RxDispatcher
                0x00000000      0x1a8 Frimware/BCM/BCM.o
 .text.BCM_setCallBack_TX
                0x00000000        0xa Frimware/BCM/BCM.o
 .text.BCM_setCallBack_RX
                0x00000000        0xa Frimware/BCM/BCM.o
 .bss.gu8_BCM_RX_data
                0x00000000        0x1 Frimware/BCM/BCM.o
 .bss.gu8_BCM_State_Machine_RX
                0x00000000        0x1 Frimware/BCM/BCM.o
 .bss.gu8_BCM_State_Machine_TX
                0x00000000        0x1 Frimware/BCM/BCM.o
 .bss.gu8_BCM_RX_Index_Buffer_ISR
                0x00000000        0x4 Frimware/BCM/BCM.o
 .bss.gu8_BCM_Index_Buffer_RX_Dispat
                0x00000000        0x4 Frimware/BCM/BCM.o
 .bss.gu8_BCM_Index_Buffer_TX_Dispat
                0x00000000        0x4 Frimware/BCM/BCM.o
 .data.gu8_setupRX_Buffer
                0x00000000        0x1 Frimware/BCM/BCM.o
 .bss.gu8_lock_RX_Buffer
                0x00000000        0x1 Frimware/BCM/BCM.o
 .bss.gu8_lock_TX_Buffer
                0x00000000        0x1 Frimware/BCM/BCM.o
 .data.gu8_BCM_init
                0x00000000        0x1 Frimware/BCM/BCM.o
 .data.u8_UART_TX_Flag
                0x00000000        0x1 Frimware/BCM/BCM.o
 .bss.g_callBack_rx
                0x00000000        0x2 Frimware/BCM/BCM.o
 .bss.g_callBack_tx
                0x00000000        0x2 Frimware/BCM/BCM.o
 .debug_info    0x00000000      0x5a7 Frimware/BCM/BCM.o
 .debug_abbrev  0x00000000      0x1de Frimware/BCM/BCM.o
 .debug_loc     0x00000000      0x16d Frimware/BCM/BCM.o
 .debug_aranges
                0x00000000       0x60 Frimware/BCM/BCM.o
 .debug_ranges  0x00000000       0x50 Frimware/BCM/BCM.o
 .debug_line    0x00000000      0x49f Frimware/BCM/BCM.o
 .debug_str     0x00000000      0x4fe Frimware/BCM/BCM.o
 .comment       0x00000000       0x31 Frimware/BCM/BCM.o
 .debug_frame   0x00000000       0xb0 Frimware/BCM/BCM.o
 COMMON         0x00000000        0xc Frimware/BCM/BCM.o
 .text          0x00000000        0x0 Frimware/TMU/TMU.o
 .data          0x00000000        0x0 Frimware/TMU/TMU.o
 .bss           0x00000000        0x0 Frimware/TMU/TMU.o
 .text.TMU_Init
                0x00000000       0x2c Frimware/TMU/TMU.o
 .text.TMU_Start
                0x00000000       0xb6 Frimware/TMU/TMU.o
 .text.TMU_Dispatcher
                0x00000000       0xfa Frimware/TMU/TMU.o
 .text.TMU_Stop
                0x00000000       0x7c Frimware/TMU/TMU.o
 .bss.gastr_JopBuffer
                0x00000000       0x18 Frimware/TMU/TMU.o
 .data.gu8_TMU_init
                0x00000000        0x1 Frimware/TMU/TMU.o
 .bss.gu8_TMU_flag
                0x00000000        0x1 Frimware/TMU/TMU.o
 .bss.gu16_Resolution
                0x00000000        0x2 Frimware/TMU/TMU.o
 .text          0x00000000        0x0 Frimware/TMU/TMU_Pb.o
 .data          0x00000000        0x0 Frimware/TMU/TMU_Pb.o
 .bss           0x00000000        0x0 Frimware/TMU/TMU_Pb.o
 .debug_info    0x00000000       0x64 Frimware/TMU/TMU_Pb.o
 .debug_abbrev  0x00000000       0x1b Frimware/TMU/TMU_Pb.o
 .debug_aranges
                0x00000000       0x18 Frimware/TMU/TMU_Pb.o
 .debug_line    0x00000000       0x1a Frimware/TMU/TMU_Pb.o
 .debug_str     0x00000000      0x17d Frimware/TMU/TMU_Pb.o
 .comment       0x00000000       0x31 Frimware/TMU/TMU_Pb.o
 .text          0x00000000        0x0 Infrastructure/Interrupt.o
 .data          0x00000000        0x0 Infrastructure/Interrupt.o
 .bss           0x00000000        0x0 Infrastructure/Interrupt.o
 .text.Disable_GlobalInterrupt
                0x00000000        0x8 Infrastructure/Interrupt.o
 .text          0x00000000        0x0 MCAL/DIO/DIO.o
 .data          0x00000000        0x0 MCAL/DIO/DIO.o
 .bss           0x00000000        0x0 MCAL/DIO/DIO.o
 .text.DIO_Init_Port
                0x00000000       0x7c MCAL/DIO/DIO.o
 .text.DIO_Read_Pin
                0x00000000       0xd6 MCAL/DIO/DIO.o
 .text.DIO_Write_Port
                0x00000000       0xb6 MCAL/DIO/DIO.o
 .text.DIO_Read_Port
                0x00000000       0x46 MCAL/DIO/DIO.o
 .text          0x00000000        0x0 MCAL/SPI/SPI.o
 .data          0x00000000        0x0 MCAL/SPI/SPI.o
 .bss           0x00000000        0x0 MCAL/SPI/SPI.o
 .text.SPI_Send_Byte
                0x00000000       0x24 MCAL/SPI/SPI.o
 .text          0x00000000        0x0 MCAL/SPI/SPI_Pb.o
 .data          0x00000000        0x0 MCAL/SPI/SPI_Pb.o
 .bss           0x00000000        0x0 MCAL/SPI/SPI_Pb.o
 .data.SPI_TX   0x00000000        0x7 MCAL/SPI/SPI_Pb.o
 .text          0x00000000        0x0 MCAL/TIMER/Timer.o
 .data          0x00000000        0x0 MCAL/TIMER/Timer.o
 .bss           0x00000000        0x0 MCAL/TIMER/Timer.o
 .text.Timer_Init
                0x00000000       0xf0 MCAL/TIMER/Timer.o
 .text.Timer_Start
                0x00000000      0x154 MCAL/TIMER/Timer.o
 .text.Timer_Stop
                0x00000000       0x2e MCAL/TIMER/Timer.o
 .text.Timer_Reset
                0x00000000       0x24 MCAL/TIMER/Timer.o
 .bss.gau8_TimerMode
                0x00000000        0x3 MCAL/TIMER/Timer.o
 .bss.gau8_TimerPrescaller
                0x00000000        0x3 MCAL/TIMER/Timer.o
 .debug_info    0x00000000      0x222 MCAL/TIMER/Timer.o
 .debug_abbrev  0x00000000       0xe8 MCAL/TIMER/Timer.o
 .debug_loc     0x00000000      0x2c5 MCAL/TIMER/Timer.o
 .debug_aranges
                0x00000000       0x38 MCAL/TIMER/Timer.o
 .debug_ranges  0x00000000       0x28 MCAL/TIMER/Timer.o
 .debug_line    0x00000000      0x3c6 MCAL/TIMER/Timer.o
 .debug_str     0x00000000      0x270 MCAL/TIMER/Timer.o
 .comment       0x00000000       0x31 MCAL/TIMER/Timer.o
 .debug_frame   0x00000000       0x54 MCAL/TIMER/Timer.o
 .text          0x00000000        0x0 MCAL/TIMER/Timer_Pb.o
 .data          0x00000000        0x0 MCAL/TIMER/Timer_Pb.o
 .bss           0x00000000        0x0 MCAL/TIMER/Timer_Pb.o
 .data.Timer2   0x00000000        0x4 MCAL/TIMER/Timer_Pb.o
 .data.Timer1   0x00000000        0x4 MCAL/TIMER/Timer_Pb.o
 .data.Timer0   0x00000000        0x4 MCAL/TIMER/Timer_Pb.o
 .debug_info    0x00000000       0xf1 MCAL/TIMER/Timer_Pb.o
 .debug_abbrev  0x00000000       0x55 MCAL/TIMER/Timer_Pb.o
 .debug_aranges
                0x00000000       0x18 MCAL/TIMER/Timer_Pb.o
 .debug_line    0x00000000       0x62 MCAL/TIMER/Timer_Pb.o
 .debug_str     0x00000000      0x1e5 MCAL/TIMER/Timer_Pb.o
 .comment       0x00000000       0x31 MCAL/TIMER/Timer_Pb.o
 .text          0x00000000        0x0 main.o
 .data          0x00000000        0x0 main.o
 .bss           0x00000000        0x0 main.o
 .text          0x00000000        0x0 MCAL/UART/UART_Pb.o
 .data          0x00000000        0x0 MCAL/UART/UART_Pb.o
 .bss           0x00000000        0x0 MCAL/UART/UART_Pb.o
 .text          0x00000000        0x0 MCAL/UART/UART.o
 .data          0x00000000        0x0 MCAL/UART/UART.o
 .bss           0x00000000        0x0 MCAL/UART/UART.o
 .text.UART_Start_RecieveByte
                0x00000000       0x30 MCAL/UART/UART.o
 .text.Set_Call_Back_UART_RX
                0x00000000       0x14 MCAL/UART/UART.o
 .text          0x00000000        0x0 MCAL/VSE_TIMER/TIMER_prog.o
 .data          0x00000000        0x0 MCAL/VSE_TIMER/TIMER_prog.o
 .bss           0x00000000        0x0 MCAL/VSE_TIMER/TIMER_prog.o
 .text          0x00000000        0x0 c:/program files (x86)/atmel/studio/7.0/toolchain/avr8/avr8-gnu-toolchain/bin/../lib/gcc/avr/5.4.0/../../../../avr/lib/avr5\libm.a(fixunssfsi.o)
 .data          0x00000000        0x0 c:/program files (x86)/atmel/studio/7.0/toolchain/avr8/avr8-gnu-toolchain/bin/../lib/gcc/avr/5.4.0/../../../../avr/lib/avr5\libm.a(fixunssfsi.o)
 .bss           0x00000000        0x0 c:/program files (x86)/atmel/studio/7.0/toolchain/avr8/avr8-gnu-toolchain/bin/../lib/gcc/avr/5.4.0/../../../../avr/lib/avr5\libm.a(fixunssfsi.o)
 .text          0x00000000        0x0 c:/program files (x86)/atmel/studio/7.0/toolchain/avr8/avr8-gnu-toolchain/bin/../lib/gcc/avr/5.4.0/../../../../avr/lib/avr5\libm.a(floatsisf.o)
 .data          0x00000000        0x0 c:/program files (x86)/atmel/studio/7.0/toolchain/avr8/avr8-gnu-toolchain/bin/../lib/gcc/avr/5.4.0/../../../../avr/lib/avr5\libm.a(floatsisf.o)
 .bss           0x00000000        0x0 c:/program files (x86)/atmel/studio/7.0/toolchain/avr8/avr8-gnu-toolchain/bin/../lib/gcc/avr/5.4.0/../../../../avr/lib/avr5\libm.a(floatsisf.o)
 .text          0x00000000        0x0 c:/program files (x86)/atmel/studio/7.0/toolchain/avr8/avr8-gnu-toolchain/bin/../lib/gcc/avr/5.4.0/../../../../avr/lib/avr5\libm.a(fp_split3.o)
 .data          0x00000000        0x0 c:/program files (x86)/atmel/studio/7.0/toolchain/avr8/avr8-gnu-toolchain/bin/../lib/gcc/avr/5.4.0/../../../../avr/lib/avr5\libm.a(fp_split3.o)
 .bss           0x00000000        0x0 c:/program files (x86)/atmel/studio/7.0/toolchain/avr8/avr8-gnu-toolchain/bin/../lib/gcc/avr/5.4.0/../../../../avr/lib/avr5\libm.a(fp_split3.o)
 .text          0x00000000        0x0 c:/program files (x86)/atmel/studio/7.0/toolchain/avr8/avr8-gnu-toolchain/bin/../lib/gcc/avr/5.4.0/../../../../avr/lib/avr5\libm.a(fp_zero.o)
 .data          0x00000000        0x0 c:/program files (x86)/atmel/studio/7.0/toolchain/avr8/avr8-gnu-toolchain/bin/../lib/gcc/avr/5.4.0/../../../../avr/lib/avr5\libm.a(fp_zero.o)
 .bss           0x00000000        0x0 c:/program files (x86)/atmel/studio/7.0/toolchain/avr8/avr8-gnu-toolchain/bin/../lib/gcc/avr/5.4.0/../../../../avr/lib/avr5\libm.a(fp_zero.o)
 .text          0x00000000        0x0 c:/program files (x86)/atmel/studio/7.0/toolchain/avr8/avr8-gnu-toolchain/bin/../lib/gcc/avr/5.4.0/../../../../avr/lib/avr5\libm.a(mulsf3.o)
 .data          0x00000000        0x0 c:/program files (x86)/atmel/studio/7.0/toolchain/avr8/avr8-gnu-toolchain/bin/../lib/gcc/avr/5.4.0/../../../../avr/lib/avr5\libm.a(mulsf3.o)
 .bss           0x00000000        0x0 c:/program files (x86)/atmel/studio/7.0/toolchain/avr8/avr8-gnu-toolchain/bin/../lib/gcc/avr/5.4.0/../../../../avr/lib/avr5\libm.a(mulsf3.o)
 .text          0x00000000        0x0 c:/program files (x86)/atmel/studio/7.0/toolchain/avr8/avr8-gnu-toolchain/bin/../lib/gcc/avr/5.4.0/../../../../avr/lib/avr5\libm.a(mulsf3x.o)
 .data          0x00000000        0x0 c:/program files (x86)/atmel/studio/7.0/toolchain/avr8/avr8-gnu-toolchain/bin/../lib/gcc/avr/5.4.0/../../../../avr/lib/avr5\libm.a(mulsf3x.o)
 .bss           0x00000000        0x0 c:/program files (x86)/atmel/studio/7.0/toolchain/avr8/avr8-gnu-toolchain/bin/../lib/gcc/avr/5.4.0/../../../../avr/lib/avr5\libm.a(mulsf3x.o)
 .text          0x00000000        0x0 c:/program files (x86)/atmel/studio/7.0/toolchain/avr8/avr8-gnu-toolchain/bin/../lib/gcc/avr/5.4.0/../../../../avr/lib/avr5\libm.a(fp_inf.o)
 .data          0x00000000        0x0 c:/program files (x86)/atmel/studio/7.0/toolchain/avr8/avr8-gnu-toolchain/bin/../lib/gcc/avr/5.4.0/../../../../avr/lib/avr5\libm.a(fp_inf.o)
 .bss           0x00000000        0x0 c:/program files (x86)/atmel/studio/7.0/toolchain/avr8/avr8-gnu-toolchain/bin/../lib/gcc/avr/5.4.0/../../../../avr/lib/avr5\libm.a(fp_inf.o)
 .text          0x00000000        0x0 c:/program files (x86)/atmel/studio/7.0/toolchain/avr8/avr8-gnu-toolchain/bin/../lib/gcc/avr/5.4.0/../../../../avr/lib/avr5\libm.a(fp_nan.o)
 .data          0x00000000        0x0 c:/program files (x86)/atmel/studio/7.0/toolchain/avr8/avr8-gnu-toolchain/bin/../lib/gcc/avr/5.4.0/../../../../avr/lib/avr5\libm.a(fp_nan.o)
 .bss           0x00000000        0x0 c:/program files (x86)/atmel/studio/7.0/toolchain/avr8/avr8-gnu-toolchain/bin/../lib/gcc/avr/5.4.0/../../../../avr/lib/avr5\libm.a(fp_nan.o)
 .text          0x00000000        0x0 c:/program files (x86)/atmel/studio/7.0/toolchain/avr8/avr8-gnu-toolchain/bin/../lib/gcc/avr/5.4.0/../../../../avr/lib/avr5\libm.a(fp_pscA.o)
 .data          0x00000000        0x0 c:/program files (x86)/atmel/studio/7.0/toolchain/avr8/avr8-gnu-toolchain/bin/../lib/gcc/avr/5.4.0/../../../../avr/lib/avr5\libm.a(fp_pscA.o)
 .bss           0x00000000        0x0 c:/program files (x86)/atmel/studio/7.0/toolchain/avr8/avr8-gnu-toolchain/bin/../lib/gcc/avr/5.4.0/../../../../avr/lib/avr5\libm.a(fp_pscA.o)
 .text          0x00000000        0x0 c:/program files (x86)/atmel/studio/7.0/toolchain/avr8/avr8-gnu-toolchain/bin/../lib/gcc/avr/5.4.0/../../../../avr/lib/avr5\libm.a(fp_pscB.o)
 .data          0x00000000        0x0 c:/program files (x86)/atmel/studio/7.0/toolchain/avr8/avr8-gnu-toolchain/bin/../lib/gcc/avr/5.4.0/../../../../avr/lib/avr5\libm.a(fp_pscB.o)
 .bss           0x00000000        0x0 c:/program files (x86)/atmel/studio/7.0/toolchain/avr8/avr8-gnu-toolchain/bin/../lib/gcc/avr/5.4.0/../../../../avr/lib/avr5\libm.a(fp_pscB.o)
 .text          0x00000000        0x0 c:/program files (x86)/atmel/studio/7.0/toolchain/avr8/avr8-gnu-toolchain/bin/../lib/gcc/avr/5.4.0/../../../../avr/lib/avr5\libm.a(fp_round.o)
 .data          0x00000000        0x0 c:/program files (x86)/atmel/studio/7.0/toolchain/avr8/avr8-gnu-toolchain/bin/../lib/gcc/avr/5.4.0/../../../../avr/lib/avr5\libm.a(fp_round.o)
 .bss           0x00000000        0x0 c:/program files (x86)/atmel/studio/7.0/toolchain/avr8/avr8-gnu-toolchain/bin/../lib/gcc/avr/5.4.0/../../../../avr/lib/avr5\libm.a(fp_round.o)
 .text          0x00000000        0x0 c:/program files (x86)/atmel/studio/7.0/toolchain/avr8/avr8-gnu-toolchain/bin/../lib/gcc/avr/5.4.0/avr5\libgcc.a(_exit.o)
 .data          0x00000000        0x0 c:/program files (x86)/atmel/studio/7.0/toolchain/avr8/avr8-gnu-toolchain/bin/../lib/gcc/avr/5.4.0/avr5\libgcc.a(_exit.o)
 .bss           0x00000000        0x0 c:/program files (x86)/atmel/studio/7.0/toolchain/avr8/avr8-gnu-toolchain/bin/../lib/gcc/avr/5.4.0/avr5\libgcc.a(_exit.o)
 .text.libgcc.mul
                0x00000000        0x0 c:/program files (x86)/atmel/studio/7.0/toolchain/avr8/avr8-gnu-toolchain/bin/../lib/gcc/avr/5.4.0/avr5\libgcc.a(_exit.o)
 .text.libgcc.div
                0x00000000        0x0 c:/program files (x86)/atmel/studio/7.0/toolchain/avr8/avr8-gnu-toolchain/bin/../lib/gcc/avr/5.4.0/avr5\libgcc.a(_exit.o)
 .text.libgcc   0x00000000        0x0 c:/program files (x86)/atmel/studio/7.0/toolchain/avr8/avr8-gnu-toolchain/bin/../lib/gcc/avr/5.4.0/avr5\libgcc.a(_exit.o)
 .text.libgcc.prologue
                0x00000000        0x0 c:/program files (x86)/atmel/studio/7.0/toolchain/avr8/avr8-gnu-toolchain/bin/../lib/gcc/avr/5.4.0/avr5\libgcc.a(_exit.o)
 .text.libgcc.builtins
                0x00000000        0x0 c:/program files (x86)/atmel/studio/7.0/toolchain/avr8/avr8-gnu-toolchain/bin/../lib/gcc/avr/5.4.0/avr5\libgcc.a(_exit.o)
 .text.libgcc.fmul
                0x00000000        0x0 c:/program files (x86)/atmel/studio/7.0/toolchain/avr8/avr8-gnu-toolchain/bin/../lib/gcc/avr/5.4.0/avr5\libgcc.a(_exit.o)
 .text.libgcc.fixed
                0x00000000        0x0 c:/program files (x86)/atmel/studio/7.0/toolchain/avr8/avr8-gnu-toolchain/bin/../lib/gcc/avr/5.4.0/avr5\libgcc.a(_exit.o)
 .text          0x00000000        0x0 c:/program files (x86)/atmel/studio/7.0/toolchain/avr8/avr8-gnu-toolchain/bin/../lib/gcc/avr/5.4.0/avr5\libgcc.a(_copy_data.o)
 .data          0x00000000        0x0 c:/program files (x86)/atmel/studio/7.0/toolchain/avr8/avr8-gnu-toolchain/bin/../lib/gcc/avr/5.4.0/avr5\libgcc.a(_copy_data.o)
 .bss           0x00000000        0x0 c:/program files (x86)/atmel/studio/7.0/toolchain/avr8/avr8-gnu-toolchain/bin/../lib/gcc/avr/5.4.0/avr5\libgcc.a(_copy_data.o)
 .text.libgcc.mul
                0x00000000        0x0 c:/program files (x86)/atmel/studio/7.0/toolchain/avr8/avr8-gnu-toolchain/bin/../lib/gcc/avr/5.4.0/avr5\libgcc.a(_copy_data.o)
 .text.libgcc.div
                0x00000000        0x0 c:/program files (x86)/atmel/studio/7.0/toolchain/avr8/avr8-gnu-toolchain/bin/../lib/gcc/avr/5.4.0/avr5\libgcc.a(_copy_data.o)
 .text.libgcc   0x00000000        0x0 c:/program files (x86)/atmel/studio/7.0/toolchain/avr8/avr8-gnu-toolchain/bin/../lib/gcc/avr/5.4.0/avr5\libgcc.a(_copy_data.o)
 .text.libgcc.prologue
                0x00000000        0x0 c:/program files (x86)/atmel/studio/7.0/toolchain/avr8/avr8-gnu-toolchain/bin/../lib/gcc/avr/5.4.0/avr5\libgcc.a(_copy_data.o)
 .text.libgcc.builtins
                0x00000000        0x0 c:/program files (x86)/atmel/studio/7.0/toolchain/avr8/avr8-gnu-toolchain/bin/../lib/gcc/avr/5.4.0/avr5\libgcc.a(_copy_data.o)
 .text.libgcc.fmul
                0x00000000        0x0 c:/program files (x86)/atmel/studio/7.0/toolchain/avr8/avr8-gnu-toolchain/bin/../lib/gcc/avr/5.4.0/avr5\libgcc.a(_copy_data.o)
 .text.libgcc.fixed
                0x00000000        0x0 c:/program files (x86)/atmel/studio/7.0/toolchain/avr8/avr8-gnu-toolchain/bin/../lib/gcc/avr/5.4.0/avr5\libgcc.a(_copy_data.o)
 .text          0x00000000        0x0 c:/program files (x86)/atmel/studio/7.0/toolchain/avr8/avr8-gnu-toolchain/bin/../lib/gcc/avr/5.4.0/avr5\libgcc.a(_clear_bss.o)
 .data          0x00000000        0x0 c:/program files (x86)/atmel/studio/7.0/toolchain/avr8/avr8-gnu-toolchain/bin/../lib/gcc/avr/5.4.0/avr5\libgcc.a(_clear_bss.o)
 .bss           0x00000000        0x0 c:/program files (x86)/atmel/studio/7.0/toolchain/avr8/avr8-gnu-toolchain/bin/../lib/gcc/avr/5.4.0/avr5\libgcc.a(_clear_bss.o)
 .text.libgcc.mul
                0x00000000        0x0 c:/program files (x86)/atmel/studio/7.0/toolchain/avr8/avr8-gnu-toolchain/bin/../lib/gcc/avr/5.4.0/avr5\libgcc.a(_clear_bss.o)
 .text.libgcc.div
                0x00000000        0x0 c:/program files (x86)/atmel/studio/7.0/toolchain/avr8/avr8-gnu-toolchain/bin/../lib/gcc/avr/5.4.0/avr5\libgcc.a(_clear_bss.o)
 .text.libgcc   0x00000000        0x0 c:/program files (x86)/atmel/studio/7.0/toolchain/avr8/avr8-gnu-toolchain/bin/../lib/gcc/avr/5.4.0/avr5\libgcc.a(_clear_bss.o)
 .text.libgcc.prologue
                0x00000000        0x0 c:/program files (x86)/atmel/studio/7.0/toolchain/avr8/avr8-gnu-toolchain/bin/../lib/gcc/avr/5.4.0/avr5\libgcc.a(_clear_bss.o)
 .text.libgcc.builtins
                0x00000000        0x0 c:/program files (x86)/atmel/studio/7.0/toolchain/avr8/avr8-gnu-toolchain/bin/../lib/gcc/avr/5.4.0/avr5\libgcc.a(_clear_bss.o)
 .text.libgcc.fmul
                0x00000000        0x0 c:/program files (x86)/atmel/studio/7.0/toolchain/avr8/avr8-gnu-toolchain/bin/../lib/gcc/avr/5.4.0/avr5\libgcc.a(_clear_bss.o)
 .text.libgcc.fixed
                0x00000000        0x0 c:/program files (x86)/atmel/studio/7.0/toolchain/avr8/avr8-gnu-toolchain/bin/../lib/gcc/avr/5.4.0/avr5\libgcc.a(_clear_bss.o)

Memory Configuration

Name             Origin             Length             Attributes
text             0x00000000         0x00020000         xr
data             0x00800060         0x0000ffa0         rw !x
eeprom           0x00810000         0x00010000         rw !x
fuse             0x00820000         0x00000002         rw !x
lock             0x00830000         0x00000400         rw !x
signature        0x00840000         0x00000400         rw !x
user_signatures  0x00850000         0x00000400         rw !x
*default*        0x00000000         0xffffffff

Linker script and memory map

LOAD C:/Program Files (x86)/Atmel/Studio/7.0/Packs/atmel/ATmega_DFP/1.2.209/gcc/dev/atmega32/avr5/crtatmega32.o
LOAD APP/APP.o
LOAD Frimware/BCM/BCM.o
LOAD Frimware/TMU/TMU.o
LOAD Frimware/TMU/TMU_Pb.o
LOAD Infrastructure/Interrupt.o
LOAD MCAL/DIO/DIO.o
LOAD MCAL/SPI/SPI.o
LOAD MCAL/SPI/SPI_Pb.o
LOAD MCAL/TIMER/Timer.o
LOAD MCAL/TIMER/Timer_Pb.o
LOAD main.o
LOAD MCAL/UART/UART_Pb.o
LOAD MCAL/UART/UART.o
LOAD MCAL/VSE_TIMER/TIMER_prog.o
START GROUP
LOAD c:/program files (x86)/atmel/studio/7.0/toolchain/avr8/avr8-gnu-toolchain/bin/../lib/gcc/avr/5.4.0/../../../../avr/lib/avr5\libm.a
END GROUP
START GROUP
LOAD c:/program files (x86)/atmel/studio/7.0/toolchain/avr8/avr8-gnu-toolchain/bin/../lib/gcc/avr/5.4.0/avr5\libgcc.a
LOAD c:/program files (x86)/atmel/studio/7.0/toolchain/avr8/avr8-gnu-toolchain/bin/../lib/gcc/avr/5.4.0/../../../../avr/lib/avr5\libm.a
LOAD c:/program files (x86)/atmel/studio/7.0/toolchain/avr8/avr8-gnu-toolchain/bin/../lib/gcc/avr/5.4.0/../../../../avr/lib/avr5\libc.a
LOAD C:/Program Files (x86)/Atmel/Studio/7.0/Packs/atmel/ATmega_DFP/1.2.209/gcc/dev/atmega32/avr5\libatmega32.a
END GROUP
                0x00020000                __TEXT_REGION_LENGTH__ = DEFINED (__TEXT_REGION_LENGTH__)?__TEXT_REGION_LENGTH__:0x20000
                0x0000ffa0                __DATA_REGION_LENGTH__ = DEFINED (__DATA_REGION_LENGTH__)?__DATA_REGION_LENGTH__:0xffa0
                0x00010000                __EEPROM_REGION_LENGTH__ = DEFINED (__EEPROM_REGION_LENGTH__)?__EEPROM_REGION_LENGTH__:0x10000
                [0x00000002]                __FUSE_REGION_LENGTH__ = DEFINED (__FUSE_REGION_LENGTH__)?__FUSE_REGION_LENGTH__:0x400
                0x00000400                __LOCK_REGION_LENGTH__ = DEFINED (__LOCK_REGION_LENGTH__)?__LOCK_REGION_LENGTH__:0x400
                0x00000400                __SIGNATURE_REGION_LENGTH__ = DEFINED (__SIGNATURE_REGION_LENGTH__)?__SIGNATURE_REGION_LENGTH__:0x400
                0x00000400                __USER_SIGNATURE_REGION_LENGTH__ = DEFINED (__USER_SIGNATURE_REGION_LENGTH__)?__USER_SIGNATURE_REGION_LENGTH__:0x400

.hash
 *(.hash)

.dynsym
 *(.dynsym)

.dynstr
 *(.dynstr)

.gnu.version
 *(.gnu.version)

.gnu.version_d
 *(.gnu.version_d)

.gnu.version_r
 *(.gnu.version_r)

.rel.init
 *(.rel.init)

.rela.init
 *(.rela.init)

.rel.text
 *(.rel.text)
 *(.rel.text.*)
 *(.rel.gnu.linkonce.t*)

.rela.text
 *(.rela.text)
 *(.rela.text.*)
 *(.rela.gnu.linkonce.t*)

.rel.fini
 *(.rel.fini)

.rela.fini
 *(.rela.fini)

.rel.rodata
 *(.rel.rodata)
 *(.rel.rodata.*)
 *(.rel.gnu.linkonce.r*)

.rela.rodata
 *(.rela.rodata)
 *(.rela.rodata.*)
 *(.rela.gnu.linkonce.r*)

.rel.data
 *(.rel.data)
 *(.rel.data.*)
 *(.rel.gnu.linkonce.d*)

.rela.data
 *(.rela.data)
 *(.rela.data.*)
 *(.rela.gnu.linkonce.d*)

.rel.ctors
 *(.rel.ctors)

.rela.ctors
 *(.rela.ctors)

.rel.dtors
 *(.rel.dtors)

.rela.dtors
 *(.rela.dtors)

.rel.got
 *(.rel.got)

.rela.got
 *(.rela.got)

.rel.bss
 *(.rel.bss)

.rela.bss
 *(.rela.bss)

.rel.plt
 *(.rel.plt)

.rela.plt
 *(.rela.plt)

.text           0x00000000      0xbca
 *(.vectors)
 .vectors       0x00000000       0x54 C:/Program Files (x86)/Atmel/Studio/7.0/Packs/atmel/ATmega_DFP/1.2.209/gcc/dev/atmega32/avr5/crtatmega32.o
                0x00000000                __vector_default
                0x00000000                __vectors
 *(.vectors)
 *(.progmem.gcc*)
                0x00000054                . = ALIGN (0x2)
                0x00000054                __trampolines_start = .
 *(.trampolines)
 .trampolines   0x00000054        0x0 linker stubs
 *(.trampolines*)
                0x00000054                __trampolines_end = .
 *libprintf_flt.a:*(.progmem.data)
 *libc.a:*(.progmem.data)
 *(.progmem*)
                0x00000054                . = ALIGN (0x2)
 *(.jumptables)
 *(.jumptables*)
 *(.lowtext)
 *(.lowtext*)
                0x00000054                __ctors_start = .
 *(.ctors)
                0x00000054                __ctors_end = .
                0x00000054                __dtors_start = .
 *(.dtors)
                0x00000054                __dtors_end = .
 SORT(*)(.ctors)
 SORT(*)(.dtors)
 *(.init0)
 .init0         0x00000054        0x0 C:/Program Files (x86)/Atmel/Studio/7.0/Packs/atmel/ATmega_DFP/1.2.209/gcc/dev/atmega32/avr5/crtatmega32.o
                0x00000054                __init
 *(.init0)
 *(.init1)
 *(.init1)
 *(.init2)
 .init2         0x00000054        0xc C:/Program Files (x86)/Atmel/Studio/7.0/Packs/atmel/ATmega_DFP/1.2.209/gcc/dev/atmega32/avr5/crtatmega32.o
 *(.init2)
 *(.init3)
 *(.init3)
 *(.init4)
 .init4         0x00000060       0x16 c:/program files (x86)/atmel/studio/7.0/toolchain/avr8/avr8-gnu-toolchain/bin/../lib/gcc/avr/5.4.0/avr5\libgcc.a(_copy_data.o)
                0x00000060                __do_copy_data
 .init4         0x00000076       0x10 c:/program files (x86)/atmel/studio/7.0/toolchain/avr8/avr8-gnu-toolchain/bin/../lib/gcc/avr/5.4.0/avr5\libgcc.a(_clear_bss.o)
                0x00000076                __do_clear_bss
 *(.init4)
 *(.init5)
 *(.init5)
 *(.init6)
 *(.init6)
 *(.init7)
 *(.init7)
 *(.init8)
 *(.init8)
 *(.init9)
 .init9         0x00000086        0x8 C:/Program Files (x86)/Atmel/Studio/7.0/Packs/atmel/ATmega_DFP/1.2.209/gcc/dev/atmega32/avr5/crtatmega32.o
 *(.init9)
 *(.text)
 .text          0x0000008e        0x4 C:/Program Files (x86)/Atmel/Studio/7.0/Packs/atmel/ATmega_DFP/1.2.209/gcc/dev/atmega32/avr5/crtatmega32.o
                0x0000008e                __vector_1
                0x0000008e                __bad_interrupt
                0x0000008e                __vector_6
                0x0000008e                __vector_3
                0x0000008e                __vector_17
                0x0000008e                __vector_19
                0x0000008e                __vector_7
                0x0000008e                __vector_5
                0x0000008e                __vector_4
                0x0000008e                __vector_9
                0x0000008e                __vector_2
                0x0000008e                __vector_8
                0x0000008e                __vector_14
                0x0000008e                __vector_16
                0x0000008e                __vector_18
                0x0000008e                __vector_20
                0x00000092                . = ALIGN (0x2)
 *(.text.*)
 .text.VSE_dispatcher_KIT2
                0x00000092      0x13a APP/APP.o
                0x00000092                VSE_dispatcher_KIT2
 .text.g_VSE_TX_callbackSPI
                0x000001cc       0x10 APP/APP.o
                0x000001cc                g_VSE_TX_callbackSPI
 .text.g_VSE_TX_callback
                0x000001dc        0x8 APP/APP.o
                0x000001dc                g_VSE_TX_callback
 .text.__vector_11
                0x000001e4       0x4a APP/APP.o
                0x000001e4                __vector_11
 .text.__vector_10
                0x0000022e       0x68 Frimware/TMU/TMU.o
                0x0000022e                __vector_10
 .text.Enable_GlobalInterrupt
                0x00000296        0x8 Infrastructure/Interrupt.o
                0x00000296                Enable_GlobalInterrupt
 .text.DIO_Init_Pin
                0x0000029e      0x136 MCAL/DIO/DIO.o
                0x0000029e                DIO_Init_Pin
 .text.DIO_Write_Pin
                0x000003d4      0x136 MCAL/DIO/DIO.o
                0x000003d4                DIO_Write_Pin
 .text.SPI_Init
                0x0000050a      0x194 MCAL/SPI/SPI.o
                0x0000050a                SPI_Init
 .text.SPI_Receive_Byte
                0x0000069e       0x2a MCAL/SPI/SPI.o
                0x0000069e                SPI_Receive_Byte
 .text.__vector_12
                0x000006c8       0x58 MCAL/SPI/SPI.o
                0x000006c8                __vector_12
 .text.Set_Call_Back_SPI
                0x00000720       0x14 MCAL/SPI/SPI.o
                0x00000720                Set_Call_Back_SPI
 .text.main     0x00000734       0x36 main.o
                0x00000734                main
 .text.UART_Init
                0x0000076a       0xf0 MCAL/UART/UART.o
                0x0000076a                UART_Init
 .text.UART_Send_Byte
                0x0000085a       0x20 MCAL/UART/UART.o
                0x0000085a                UART_Send_Byte
 .text.Set_Call_Back_UART_TX
                0x0000087a       0x14 MCAL/UART/UART.o
                0x0000087a                Set_Call_Back_UART_TX
 .text.__vector_13
                0x0000088e       0x52 MCAL/UART/UART.o
                0x0000088e                __vector_13
 .text.__vector_15
                0x000008e0       0x52 MCAL/UART/UART.o
                0x000008e0                __vector_15
 .text.TIMER_vidInit
                0x00000932       0x40 MCAL/VSE_TIMER/TIMER_prog.o
                0x00000932                TIMER_vidInit
 .text.avr-libc.fplib
                0x00000972       0x5e c:/program files (x86)/atmel/studio/7.0/toolchain/avr8/avr8-gnu-toolchain/bin/../lib/gcc/avr/5.4.0/../../../../avr/lib/avr5\libm.a(fixunssfsi.o)
                0x00000972                __fixunssfsi
 .text.avr-libc.fplib
                0x000009d0       0x7a c:/program files (x86)/atmel/studio/7.0/toolchain/avr8/avr8-gnu-toolchain/bin/../lib/gcc/avr/5.4.0/../../../../avr/lib/avr5\libm.a(floatsisf.o)
                0x000009d0                __floatunsisf
                0x000009d4                __floatsisf
 .text.avr-libc.fplib
                0x00000a4a       0x44 c:/program files (x86)/atmel/studio/7.0/toolchain/avr8/avr8-gnu-toolchain/bin/../lib/gcc/avr/5.4.0/../../../../avr/lib/avr5\libm.a(fp_split3.o)
                0x00000a4a                __fp_split3
                0x00000a5a                __fp_splitA
 .text.avr-libc.fplib
                0x00000a8e        0xe c:/program files (x86)/atmel/studio/7.0/toolchain/avr8/avr8-gnu-toolchain/bin/../lib/gcc/avr/5.4.0/../../../../avr/lib/avr5\libm.a(fp_zero.o)
                0x00000a8e                __fp_zero
                0x00000a90                __fp_szero
 .text.avr-libc.fplib
                0x00000a9c        0x8 c:/program files (x86)/atmel/studio/7.0/toolchain/avr8/avr8-gnu-toolchain/bin/../lib/gcc/avr/5.4.0/../../../../avr/lib/avr5\libm.a(mulsf3.o)
                0x00000a9c                __mulsf3
 .text.avr-libc.fplib
                0x00000aa4       0xd2 c:/program files (x86)/atmel/studio/7.0/toolchain/avr8/avr8-gnu-toolchain/bin/../lib/gcc/avr/5.4.0/../../../../avr/lib/avr5\libm.a(mulsf3x.o)
                0x00000ac2                __mulsf3x
                0x00000ac8                __mulsf3_pse
 .text.avr-libc.fplib
                0x00000b76        0xc c:/program files (x86)/atmel/studio/7.0/toolchain/avr8/avr8-gnu-toolchain/bin/../lib/gcc/avr/5.4.0/../../../../avr/lib/avr5\libm.a(fp_inf.o)
                0x00000b76                __fp_inf
 .text.avr-libc.fplib
                0x00000b82        0x6 c:/program files (x86)/atmel/studio/7.0/toolchain/avr8/avr8-gnu-toolchain/bin/../lib/gcc/avr/5.4.0/../../../../avr/lib/avr5\libm.a(fp_nan.o)
                0x00000b82                __fp_nan
 .text.avr-libc.fplib
                0x00000b88        0xe c:/program files (x86)/atmel/studio/7.0/toolchain/avr8/avr8-gnu-toolchain/bin/../lib/gcc/avr/5.4.0/../../../../avr/lib/avr5\libm.a(fp_pscA.o)
                0x00000b88                __fp_pscA
 .text.avr-libc.fplib
                0x00000b96        0xe c:/program files (x86)/atmel/studio/7.0/toolchain/avr8/avr8-gnu-toolchain/bin/../lib/gcc/avr/5.4.0/../../../../avr/lib/avr5\libm.a(fp_pscB.o)
                0x00000b96                __fp_pscB
 .text.avr-libc.fplib
                0x00000ba4       0x22 c:/program files (x86)/atmel/studio/7.0/toolchain/avr8/avr8-gnu-toolchain/bin/../lib/gcc/avr/5.4.0/../../../../avr/lib/avr5\libm.a(fp_round.o)
                0x00000ba4                __fp_round
                0x00000bc6                . = ALIGN (0x2)
 *(.fini9)
 .fini9         0x00000bc6        0x0 c:/program files (x86)/atmel/studio/7.0/toolchain/avr8/avr8-gnu-toolchain/bin/../lib/gcc/avr/5.4.0/avr5\libgcc.a(_exit.o)
                0x00000bc6                _exit
                0x00000bc6                exit
 *(.fini9)
 *(.fini8)
 *(.fini8)
 *(.fini7)
 *(.fini7)
 *(.fini6)
 *(.fini6)
 *(.fini5)
 *(.fini5)
 *(.fini4)
 *(.fini4)
 *(.fini3)
 *(.fini3)
 *(.fini2)
 *(.fini2)
 *(.fini1)
 *(.fini1)
 *(.fini0)
 .fini0         0x00000bc6        0x4 c:/program files (x86)/atmel/studio/7.0/toolchain/avr8/avr8-gnu-toolchain/bin/../lib/gcc/avr/5.4.0/avr5\libgcc.a(_exit.o)
 *(.fini0)
                0x00000bca                _etext = .

.data           0x00800060       0x14 load address 0x00000bca
                0x00800060                PROVIDE (__data_start, .)
 *(.data)
 *(.data*)
 .data.u8_VSE_State_Machine
                0x00800060        0x1 APP/APP.o
 .data.u8_UART_TX_Flag
                0x00800061        0x1 APP/APP.o
 .data.gu8_Data_SentFlag
                0x00800062        0x1 MCAL/SPI/SPI.o
                0x00800062                gu8_Data_SentFlag
 .data.SPI_RX   0x00800063        0x7 MCAL/SPI/SPI_Pb.o
                0x00800063                SPI_RX
 .data.obj_UART
                0x0080006a        0x8 MCAL/UART/UART_Pb.o
                0x0080006a                obj_UART
 .data.u8_UART_InterruptMode
                0x00800072        0x1 MCAL/UART/UART.o
 *(.gnu.linkonce.d*)
 *(.rodata)
 *(.rodata*)
 *(.gnu.linkonce.r*)
                0x00800074                . = ALIGN (0x2)
 *fill*         0x00800073        0x1 
                0x00800074                _edata = .
                0x00800074                PROVIDE (__data_end, .)

.bss            0x00800074       0x19
                0x00800074                PROVIDE (__bss_start, .)
 *(.bss)
 *(.bss*)
 .bss.OVF_counter
                0x00800074        0x4 APP/APP.o
 .bss.f_Distance
                0x00800078        0x4 APP/APP.o
 .bss.OPA       0x0080007c        0x1 APP/APP.o
 .bss.ga_Counter
                0x0080007d        0x8 Frimware/TMU/TMU.o
 .bss.gu8_BufferCount
                0x00800085        0x1 Frimware/TMU/TMU.o
 .bss.callBack_spi
                0x00800086        0x2 MCAL/SPI/SPI.o
 .bss.gu8_Interrupt_Polling_Mode
                0x00800088        0x1 MCAL/SPI/SPI.o
                0x00800088                gu8_Interrupt_Polling_Mode
 .bss.callBack_rx
                0x00800089        0x2 MCAL/UART/UART.o
 .bss.callBack_tx
                0x0080008b        0x2 MCAL/UART/UART.o
 *(COMMON)
                0x0080008d                PROVIDE (__bss_end, .)
                0x00000bca                __data_load_start = LOADADDR (.data)
                0x00000bde                __data_load_end = (__data_load_start + SIZEOF (.data))

.noinit         0x0080008d        0x0
                [!provide]                PROVIDE (__noinit_start, .)
 *(.noinit*)
                [!provide]                PROVIDE (__noinit_end, .)
                0x0080008d                _end = .
                [!provide]                PROVIDE (__heap_start, .)

.eeprom         0x00810000        0x0
 *(.eeprom*)
                0x00810000                __eeprom_end = .

.fuse
 *(.fuse)
 *(.lfuse)
 *(.hfuse)
 *(.efuse)

.lock
 *(.lock*)

.signature
 *(.signature*)

.user_signatures
 *(.user_signatures*)

.stab
 *(.stab)

.stabstr
 *(.stabstr)

.stab.excl
 *(.stab.excl)

.stab.exclstr
 *(.stab.exclstr)

.stab.index
 *(.stab.index)

.stab.indexstr
 *(.stab.indexstr)

.comment        0x00000000       0x30
 *(.comment)
 .comment       0x00000000       0x30 APP/APP.o
                                 0x31 (size before relaxing)
 .comment       0x00000030       0x31 Frimware/TMU/TMU.o
 .comment       0x00000030       0x31 Infrastructure/Interrupt.o
 .comment       0x00000030       0x31 MCAL/DIO/DIO.o
 .comment       0x00000030       0x31 MCAL/SPI/SPI.o
 .comment       0x00000030       0x31 MCAL/SPI/SPI_Pb.o
 .comment       0x00000030       0x31 main.o
 .comment       0x00000030       0x31 MCAL/UART/UART_Pb.o
 .comment       0x00000030       0x31 MCAL/UART/UART.o
 .comment       0x00000030       0x31 MCAL/VSE_TIMER/TIMER_prog.o

.note.gnu.avr.deviceinfo
                0x00000000       0x3c
 .note.gnu.avr.deviceinfo
                0x00000000       0x3c C:/Program Files (x86)/Atmel/Studio/7.0/Packs/atmel/ATmega_DFP/1.2.209/gcc/dev/atmega32/avr5/crtatmega32.o

.note.gnu.build-id
 *(.note.gnu.build-id)

.debug
 *(.debug)

.line
 *(.line)

.debug_srcinfo
 *(.debug_srcinfo)

.debug_sfnames
 *(.debug_sfnames)

.debug_aranges  0x00000000      0x1e8
 *(.debug_aranges)
 .debug_aranges
                0x00000000       0x38 APP/APP.o
 .debug_aranges
                0x00000038       0x40 Frimware/TMU/TMU.o
 .debug_aranges
                0x00000078       0x28 Infrastructure/Interrupt.o
 .debug_aranges
                0x000000a0       0x48 MCAL/DIO/DIO.o
 .debug_aranges
                0x000000e8       0x40 MCAL/SPI/SPI.o
 .debug_aranges
                0x00000128       0x18 MCAL/SPI/SPI_Pb.o
 .debug_aranges
                0x00000140       0x20 main.o
 .debug_aranges
                0x00000160       0x18 MCAL/UART/UART_Pb.o
 .debug_aranges
                0x00000178       0x50 MCAL/UART/UART.o
 .debug_aranges
                0x000001c8       0x20 MCAL/VSE_TIMER/TIMER_prog.o

.debug_pubnames
 *(.debug_pubnames)

.debug_info     0x00000000     0x18b3
 *(.debug_info .gnu.linkonce.wi.*)
 .debug_info    0x00000000      0x4e6 C:/Program Files (x86)/Atmel/Studio/7.0/Packs/atmel/ATmega_DFP/1.2.209/gcc/dev/atmega32/avr5/crtatmega32.o
 .debug_info    0x000004e6      0x2d0 APP/APP.o
 .debug_info    0x000007b6      0x332 Frimware/TMU/TMU.o
 .debug_info    0x00000ae8       0xa7 Infrastructure/Interrupt.o
 .debug_info    0x00000b8f      0x24f MCAL/DIO/DIO.o
 .debug_info    0x00000dde      0x316 MCAL/SPI/SPI.o
 .debug_info    0x000010f4      0x109 MCAL/SPI/SPI_Pb.o
 .debug_info    0x000011fd      0x25e main.o
 .debug_info    0x0000145b      0x102 MCAL/UART/UART_Pb.o
 .debug_info    0x0000155d      0x2c5 MCAL/UART/UART.o
 .debug_info    0x00001822       0x91 MCAL/VSE_TIMER/TIMER_prog.o

.debug_abbrev   0x00000000      0xcda
 *(.debug_abbrev)
 .debug_abbrev  0x00000000      0x4a3 C:/Program Files (x86)/Atmel/Studio/7.0/Packs/atmel/ATmega_DFP/1.2.209/gcc/dev/atmega32/avr5/crtatmega32.o
 .debug_abbrev  0x000004a3      0x16b APP/APP.o
 .debug_abbrev  0x0000060e      0x160 Frimware/TMU/TMU.o
 .debug_abbrev  0x0000076e       0x46 Infrastructure/Interrupt.o
 .debug_abbrev  0x000007b4       0xe3 MCAL/DIO/DIO.o
 .debug_abbrev  0x00000897      0x15f MCAL/SPI/SPI.o
 .debug_abbrev  0x000009f6       0x55 MCAL/SPI/SPI_Pb.o
 .debug_abbrev  0x00000a4b       0xbb main.o
 .debug_abbrev  0x00000b06       0x55 MCAL/UART/UART_Pb.o
 .debug_abbrev  0x00000b5b      0x139 MCAL/UART/UART.o
 .debug_abbrev  0x00000c94       0x46 MCAL/VSE_TIMER/TIMER_prog.o

.debug_line     0x00000000     0x13ee
 *(.debug_line .debug_line.* .debug_line_end)
 .debug_line    0x00000000      0x115 C:/Program Files (x86)/Atmel/Studio/7.0/Packs/atmel/ATmega_DFP/1.2.209/gcc/dev/atmega32/avr5/crtatmega32.o
 .debug_line    0x00000115      0x21e APP/APP.o
 .debug_line    0x00000333      0x249 Frimware/TMU/TMU.o
 .debug_line    0x0000057c       0x76 Infrastructure/Interrupt.o
 .debug_line    0x000005f2      0x4f2 MCAL/DIO/DIO.o
 .debug_line    0x00000ae4      0x3c1 MCAL/SPI/SPI.o
 .debug_line    0x00000ea5       0x5c MCAL/SPI/SPI_Pb.o
 .debug_line    0x00000f01       0xf2 main.o
 .debug_line    0x00000ff3       0x5f MCAL/UART/UART_Pb.o
 .debug_line    0x00001052      0x2ed MCAL/UART/UART.o
 .debug_line    0x0000133f       0xaf MCAL/VSE_TIMER/TIMER_prog.o

.debug_frame    0x00000000      0x41c
 *(.debug_frame)
 .debug_frame   0x00000000       0x88 APP/APP.o
 .debug_frame   0x00000088       0xcc Frimware/TMU/TMU.o
 .debug_frame   0x00000154       0x34 Infrastructure/Interrupt.o
 .debug_frame   0x00000188       0x74 MCAL/DIO/DIO.o
 .debug_frame   0x000001fc       0xb8 MCAL/SPI/SPI.o
 .debug_frame   0x000002b4       0x24 main.o
 .debug_frame   0x000002d8      0x120 MCAL/UART/UART.o
 .debug_frame   0x000003f8       0x24 MCAL/VSE_TIMER/TIMER_prog.o

.debug_str      0x00000000      0x91c
 *(.debug_str)
 .debug_str     0x00000000      0x196 C:/Program Files (x86)/Atmel/Studio/7.0/Packs/atmel/ATmega_DFP/1.2.209/gcc/dev/atmega32/avr5/crtatmega32.o
 .debug_str     0x00000196      0x252 APP/APP.o
                                0x286 (size before relaxing)
 .debug_str     0x000003e8      0x189 Frimware/TMU/TMU.o
                                0x304 (size before relaxing)
 .debug_str     0x00000571       0x4d Infrastructure/Interrupt.o
                                0x1b9 (size before relaxing)
 .debug_str     0x000005be       0xb0 MCAL/DIO/DIO.o
                                0x231 (size before relaxing)
 .debug_str     0x0000066e      0x106 MCAL/SPI/SPI.o
                                0x2b1 (size before relaxing)
 .debug_str     0x00000774       0x23 MCAL/SPI/SPI_Pb.o
                                0x20e (size before relaxing)
 .debug_str     0x00000797       0x96 main.o
                                0x2cd (size before relaxing)
 .debug_str     0x0000082d       0x17 MCAL/UART/UART_Pb.o
                                0x203 (size before relaxing)
 .debug_str     0x00000844       0xb9 MCAL/UART/UART.o
                                0x2e9 (size before relaxing)
 .debug_str     0x000008fd       0x1f MCAL/VSE_TIMER/TIMER_prog.o
                                0x199 (size before relaxing)

.debug_loc      0x00000000     0x13f9
 *(.debug_loc)
 .debug_loc     0x00000000      0x184 APP/APP.o
 .debug_loc     0x00000184      0x302 Frimware/TMU/TMU.o
 .debug_loc     0x00000486      0x878 MCAL/DIO/DIO.o
 .debug_loc     0x00000cfe      0x2d6 MCAL/SPI/SPI.o
 .debug_loc     0x00000fd4      0x425 MCAL/UART/UART.o

.debug_macinfo
 *(.debug_macinfo)

.debug_weaknames
 *(.debug_weaknames)

.debug_funcnames
 *(.debug_funcnames)

.debug_typenames
 *(.debug_typenames)

.debug_varnames
 *(.debug_varnames)

.debug_pubtypes
 *(.debug_pubtypes)

.debug_ranges   0x00000000      0x138
 *(.debug_ranges)
 .debug_ranges  0x00000000       0x28 APP/APP.o
 .debug_ranges  0x00000028       0x30 Frimware/TMU/TMU.o
 .debug_ranges  0x00000058       0x18 Infrastructure/Interrupt.o
 .debug_ranges  0x00000070       0x38 MCAL/DIO/DIO.o
 .debug_ranges  0x000000a8       0x30 MCAL/SPI/SPI.o
 .debug_ranges  0x000000d8       0x10 main.o
 .debug_ranges  0x000000e8       0x40 MCAL/UART/UART.o
 .debug_ranges  0x00000128       0x10 MCAL/VSE_TIMER/TIMER_prog.o

.debug_macro
 *(.debug_macro)
OUTPUT(VSE_TX.elf elf32-avr)
LOAD linker stubs
