Archive member included to satisfy reference by file (symbol)

c:/program files (x86)/atmel/studio/7.0/toolchain/avr8/avr8-gnu-toolchain/bin/../lib/gcc/avr/5.4.0/avr5\libgcc.a(_exit.o)
                              C:/Program Files (x86)/Atmel/Studio/7.0/Packs/atmel/ATmega_DFP/1.2.209/gcc/dev/atmega32/avr5/crtatmega32.o (exit)
c:/program files (x86)/atmel/studio/7.0/toolchain/avr8/avr8-gnu-toolchain/bin/../lib/gcc/avr/5.4.0/avr5\libgcc.a(_copy_data.o)
                              Frimware/BCM/BCM.o (__do_copy_data)
c:/program files (x86)/atmel/studio/7.0/toolchain/avr8/avr8-gnu-toolchain/bin/../lib/gcc/avr/5.4.0/avr5\libgcc.a(_clear_bss.o)
                              Frimware/BCM/BCM.o (__do_clear_bss)

Allocating common symbols
Common symbol       size              file

str_BCM_Fram_TX     0x6               Frimware/BCM/BCM.o
str_BCM_Fram_RX     0x6               Frimware/BCM/BCM.o

Discarded input sections

 .data          0x00000000        0x0 C:/Program Files (x86)/Atmel/Studio/7.0/Packs/atmel/ATmega_DFP/1.2.209/gcc/dev/atmega32/avr5/crtatmega32.o
 .bss           0x00000000        0x0 C:/Program Files (x86)/Atmel/Studio/7.0/Packs/atmel/ATmega_DFP/1.2.209/gcc/dev/atmega32/avr5/crtatmega32.o
 .text          0x00000000        0x0 APP/APP.o
 .data          0x00000000        0x0 APP/APP.o
 .bss           0x00000000        0x0 APP/APP.o
 .text.LED1     0x00000000        0xa APP/APP.o
 .text.LED2     0x00000000        0xa APP/APP.o
 .text.LED3     0x00000000        0xa APP/APP.o
 .text.LED4     0x00000000        0xa APP/APP.o
 .debug_info    0x00000000       0xd3 APP/APP.o
 .debug_abbrev  0x00000000       0x46 APP/APP.o
 .debug_aranges
                0x00000000       0x38 APP/APP.o
 .debug_ranges  0x00000000       0x28 APP/APP.o
 .debug_line    0x00000000       0xa3 APP/APP.o
 .debug_str     0x00000000      0x17f APP/APP.o
 .comment       0x00000000       0x31 APP/APP.o
 .debug_frame   0x00000000       0x54 APP/APP.o
 .text          0x00000000        0x0 Frimware/BCM/BCM.o
 .data          0x00000000        0x0 Frimware/BCM/BCM.o
 .bss           0x00000000        0x0 Frimware/BCM/BCM.o
 .text.BCM_Send
                0x00000000       0x50 Frimware/BCM/BCM.o
 .text.BCM_TxDispatcher
                0x00000000      0x206 Frimware/BCM/BCM.o
 .text.BCM_setCallBack_TX
                0x00000000        0xa Frimware/BCM/BCM.o
 .bss.g_callBack_tx
                0x00000000        0x2 Frimware/BCM/BCM.o
 .text          0x00000000        0x0 Frimware/TMU/TMU.o
 .data          0x00000000        0x0 Frimware/TMU/TMU.o
 .bss           0x00000000        0x0 Frimware/TMU/TMU.o
 .text.TMU_Init
                0x00000000       0x2c Frimware/TMU/TMU.o
 .text.TMU_Start
                0x00000000       0xb6 Frimware/TMU/TMU.o
 .text.TMU_Dispatcher
                0x00000000       0xfa Frimware/TMU/TMU.o
 .text.TMU_Stop
                0x00000000       0x7c Frimware/TMU/TMU.o
 .bss.gastr_JopBuffer
                0x00000000       0x18 Frimware/TMU/TMU.o
 .data.gu8_TMU_init
                0x00000000        0x1 Frimware/TMU/TMU.o
 .bss.gu8_TMU_flag
                0x00000000        0x1 Frimware/TMU/TMU.o
 .bss.gu16_Resolution
                0x00000000        0x2 Frimware/TMU/TMU.o
 .text          0x00000000        0x0 Frimware/TMU/TMU_Pb.o
 .data          0x00000000        0x0 Frimware/TMU/TMU_Pb.o
 .bss           0x00000000        0x0 Frimware/TMU/TMU_Pb.o
 .data.LED_4    0x00000000        0x6 Frimware/TMU/TMU_Pb.o
 .data.LED_3    0x00000000        0x6 Frimware/TMU/TMU_Pb.o
 .data.LED_2    0x00000000        0x6 Frimware/TMU/TMU_Pb.o
 .data.LED_1    0x00000000        0x6 Frimware/TMU/TMU_Pb.o
 .debug_info    0x00000000      0x116 Frimware/TMU/TMU_Pb.o
 .debug_abbrev  0x00000000       0x65 Frimware/TMU/TMU_Pb.o
 .debug_aranges
                0x00000000       0x18 Frimware/TMU/TMU_Pb.o
 .debug_line    0x00000000       0x60 Frimware/TMU/TMU_Pb.o
 .debug_str     0x00000000      0x1d9 Frimware/TMU/TMU_Pb.o
 .comment       0x00000000       0x31 Frimware/TMU/TMU_Pb.o
 .text          0x00000000        0x0 Infrastructure/Interrupt.o
 .data          0x00000000        0x0 Infrastructure/Interrupt.o
 .bss           0x00000000        0x0 Infrastructure/Interrupt.o
 .text.Disable_GlobalInterrupt
                0x00000000        0x8 Infrastructure/Interrupt.o
 .text          0x00000000        0x0 MCAL/DIO/DIO.o
 .data          0x00000000        0x0 MCAL/DIO/DIO.o
 .bss           0x00000000        0x0 MCAL/DIO/DIO.o
 .text.DIO_Init_Port
                0x00000000       0x7c MCAL/DIO/DIO.o
 .text.DIO_Write_Pin
                0x00000000      0x136 MCAL/DIO/DIO.o
 .text.DIO_Read_Pin
                0x00000000       0xd6 MCAL/DIO/DIO.o
 .text.DIO_Write_Port
                0x00000000       0xb6 MCAL/DIO/DIO.o
 .text.DIO_Read_Port
                0x00000000       0x46 MCAL/DIO/DIO.o
 .text          0x00000000        0x0 MCAL/SPI/SPI.o
 .data          0x00000000        0x0 MCAL/SPI/SPI.o
 .bss           0x00000000        0x0 MCAL/SPI/SPI.o
 .text.SPI_Send_Byte
                0x00000000       0x24 MCAL/SPI/SPI.o
 .text.SPI_Receive_Byte
                0x00000000       0x2a MCAL/SPI/SPI.o
 .text          0x00000000        0x0 MCAL/SPI/SPI_Pb.o
 .data          0x00000000        0x0 MCAL/SPI/SPI_Pb.o
 .bss           0x00000000        0x0 MCAL/SPI/SPI_Pb.o
 .bss.SPI_RX    0x00000000        0x7 MCAL/SPI/SPI_Pb.o
 .text          0x00000000        0x0 MCAL/TIMER/Timer.o
 .data          0x00000000        0x0 MCAL/TIMER/Timer.o
 .bss           0x00000000        0x0 MCAL/TIMER/Timer.o
 .text.Timer_Init
                0x00000000       0xf0 MCAL/TIMER/Timer.o
 .text.Timer_Start
                0x00000000      0x154 MCAL/TIMER/Timer.o
 .text.Timer_Stop
                0x00000000       0x2e MCAL/TIMER/Timer.o
 .text.Timer_Reset
                0x00000000       0x24 MCAL/TIMER/Timer.o
 .bss.gau8_TimerMode
                0x00000000        0x3 MCAL/TIMER/Timer.o
 .bss.gau8_TimerPrescaller
                0x00000000        0x3 MCAL/TIMER/Timer.o
 .debug_info    0x00000000      0x222 MCAL/TIMER/Timer.o
 .debug_abbrev  0x00000000       0xe8 MCAL/TIMER/Timer.o
 .debug_loc     0x00000000      0x2c5 MCAL/TIMER/Timer.o
 .debug_aranges
                0x00000000       0x38 MCAL/TIMER/Timer.o
 .debug_ranges  0x00000000       0x28 MCAL/TIMER/Timer.o
 .debug_line    0x00000000      0x3c6 MCAL/TIMER/Timer.o
 .debug_str     0x00000000      0x262 MCAL/TIMER/Timer.o
 .comment       0x00000000       0x31 MCAL/TIMER/Timer.o
 .debug_frame   0x00000000       0x54 MCAL/TIMER/Timer.o
 .text          0x00000000        0x0 MCAL/TIMER/Timer_Pb.o
 .data          0x00000000        0x0 MCAL/TIMER/Timer_Pb.o
 .bss           0x00000000        0x0 MCAL/TIMER/Timer_Pb.o
 .data.Timer2   0x00000000        0x4 MCAL/TIMER/Timer_Pb.o
 .data.Timer1   0x00000000        0x4 MCAL/TIMER/Timer_Pb.o
 .data.Timer0   0x00000000        0x4 MCAL/TIMER/Timer_Pb.o
 .debug_info    0x00000000       0xf1 MCAL/TIMER/Timer_Pb.o
 .debug_abbrev  0x00000000       0x55 MCAL/TIMER/Timer_Pb.o
 .debug_aranges
                0x00000000       0x18 MCAL/TIMER/Timer_Pb.o
 .debug_line    0x00000000       0x62 MCAL/TIMER/Timer_Pb.o
 .debug_str     0x00000000      0x1d7 MCAL/TIMER/Timer_Pb.o
 .comment       0x00000000       0x31 MCAL/TIMER/Timer_Pb.o
 .text          0x00000000        0x0 main.o
 .data          0x00000000        0x0 main.o
 .bss           0x00000000        0x0 main.o
 .text          0x00000000        0x0 MCAL/UART/UART_Pb.o
 .data          0x00000000        0x0 MCAL/UART/UART_Pb.o
 .bss           0x00000000        0x0 MCAL/UART/UART_Pb.o
 .text          0x00000000        0x0 MCAL/UART/UART.o
 .data          0x00000000        0x0 MCAL/UART/UART.o
 .bss           0x00000000        0x0 MCAL/UART/UART.o
 .text.UART_Send_Byte
                0x00000000       0x20 MCAL/UART/UART.o
 .text          0x00000000        0x0 c:/program files (x86)/atmel/studio/7.0/toolchain/avr8/avr8-gnu-toolchain/bin/../lib/gcc/avr/5.4.0/avr5\libgcc.a(_exit.o)
 .data          0x00000000        0x0 c:/program files (x86)/atmel/studio/7.0/toolchain/avr8/avr8-gnu-toolchain/bin/../lib/gcc/avr/5.4.0/avr5\libgcc.a(_exit.o)
 .bss           0x00000000        0x0 c:/program files (x86)/atmel/studio/7.0/toolchain/avr8/avr8-gnu-toolchain/bin/../lib/gcc/avr/5.4.0/avr5\libgcc.a(_exit.o)
 .text.libgcc.mul
                0x00000000        0x0 c:/program files (x86)/atmel/studio/7.0/toolchain/avr8/avr8-gnu-toolchain/bin/../lib/gcc/avr/5.4.0/avr5\libgcc.a(_exit.o)
 .text.libgcc.div
                0x00000000        0x0 c:/program files (x86)/atmel/studio/7.0/toolchain/avr8/avr8-gnu-toolchain/bin/../lib/gcc/avr/5.4.0/avr5\libgcc.a(_exit.o)
 .text.libgcc   0x00000000        0x0 c:/program files (x86)/atmel/studio/7.0/toolchain/avr8/avr8-gnu-toolchain/bin/../lib/gcc/avr/5.4.0/avr5\libgcc.a(_exit.o)
 .text.libgcc.prologue
                0x00000000        0x0 c:/program files (x86)/atmel/studio/7.0/toolchain/avr8/avr8-gnu-toolchain/bin/../lib/gcc/avr/5.4.0/avr5\libgcc.a(_exit.o)
 .text.libgcc.builtins
                0x00000000        0x0 c:/program files (x86)/atmel/studio/7.0/toolchain/avr8/avr8-gnu-toolchain/bin/../lib/gcc/avr/5.4.0/avr5\libgcc.a(_exit.o)
 .text.libgcc.fmul
                0x00000000        0x0 c:/program files (x86)/atmel/studio/7.0/toolchain/avr8/avr8-gnu-toolchain/bin/../lib/gcc/avr/5.4.0/avr5\libgcc.a(_exit.o)
 .text.libgcc.fixed
                0x00000000        0x0 c:/program files (x86)/atmel/studio/7.0/toolchain/avr8/avr8-gnu-toolchain/bin/../lib/gcc/avr/5.4.0/avr5\libgcc.a(_exit.o)
 .text          0x00000000        0x0 c:/program files (x86)/atmel/studio/7.0/toolchain/avr8/avr8-gnu-toolchain/bin/../lib/gcc/avr/5.4.0/avr5\libgcc.a(_copy_data.o)
 .data          0x00000000        0x0 c:/program files (x86)/atmel/studio/7.0/toolchain/avr8/avr8-gnu-toolchain/bin/../lib/gcc/avr/5.4.0/avr5\libgcc.a(_copy_data.o)
 .bss           0x00000000        0x0 c:/program files (x86)/atmel/studio/7.0/toolchain/avr8/avr8-gnu-toolchain/bin/../lib/gcc/avr/5.4.0/avr5\libgcc.a(_copy_data.o)
 .text.libgcc.mul
                0x00000000        0x0 c:/program files (x86)/atmel/studio/7.0/toolchain/avr8/avr8-gnu-toolchain/bin/../lib/gcc/avr/5.4.0/avr5\libgcc.a(_copy_data.o)
 .text.libgcc.div
                0x00000000        0x0 c:/program files (x86)/atmel/studio/7.0/toolchain/avr8/avr8-gnu-toolchain/bin/../lib/gcc/avr/5.4.0/avr5\libgcc.a(_copy_data.o)
 .text.libgcc   0x00000000        0x0 c:/program files (x86)/atmel/studio/7.0/toolchain/avr8/avr8-gnu-toolchain/bin/../lib/gcc/avr/5.4.0/avr5\libgcc.a(_copy_data.o)
 .text.libgcc.prologue
                0x00000000        0x0 c:/program files (x86)/atmel/studio/7.0/toolchain/avr8/avr8-gnu-toolchain/bin/../lib/gcc/avr/5.4.0/avr5\libgcc.a(_copy_data.o)
 .text.libgcc.builtins
                0x00000000        0x0 c:/program files (x86)/atmel/studio/7.0/toolchain/avr8/avr8-gnu-toolchain/bin/../lib/gcc/avr/5.4.0/avr5\libgcc.a(_copy_data.o)
 .text.libgcc.fmul
                0x00000000        0x0 c:/program files (x86)/atmel/studio/7.0/toolchain/avr8/avr8-gnu-toolchain/bin/../lib/gcc/avr/5.4.0/avr5\libgcc.a(_copy_data.o)
 .text.libgcc.fixed
                0x00000000        0x0 c:/program files (x86)/atmel/studio/7.0/toolchain/avr8/avr8-gnu-toolchain/bin/../lib/gcc/avr/5.4.0/avr5\libgcc.a(_copy_data.o)
 .text          0x00000000        0x0 c:/program files (x86)/atmel/studio/7.0/toolchain/avr8/avr8-gnu-toolchain/bin/../lib/gcc/avr/5.4.0/avr5\libgcc.a(_clear_bss.o)
 .data          0x00000000        0x0 c:/program files (x86)/atmel/studio/7.0/toolchain/avr8/avr8-gnu-toolchain/bin/../lib/gcc/avr/5.4.0/avr5\libgcc.a(_clear_bss.o)
 .bss           0x00000000        0x0 c:/program files (x86)/atmel/studio/7.0/toolchain/avr8/avr8-gnu-toolchain/bin/../lib/gcc/avr/5.4.0/avr5\libgcc.a(_clear_bss.o)
 .text.libgcc.mul
                0x00000000        0x0 c:/program files (x86)/atmel/studio/7.0/toolchain/avr8/avr8-gnu-toolchain/bin/../lib/gcc/avr/5.4.0/avr5\libgcc.a(_clear_bss.o)
 .text.libgcc.div
                0x00000000        0x0 c:/program files (x86)/atmel/studio/7.0/toolchain/avr8/avr8-gnu-toolchain/bin/../lib/gcc/avr/5.4.0/avr5\libgcc.a(_clear_bss.o)
 .text.libgcc   0x00000000        0x0 c:/program files (x86)/atmel/studio/7.0/toolchain/avr8/avr8-gnu-toolchain/bin/../lib/gcc/avr/5.4.0/avr5\libgcc.a(_clear_bss.o)
 .text.libgcc.prologue
                0x00000000        0x0 c:/program files (x86)/atmel/studio/7.0/toolchain/avr8/avr8-gnu-toolchain/bin/../lib/gcc/avr/5.4.0/avr5\libgcc.a(_clear_bss.o)
 .text.libgcc.builtins
                0x00000000        0x0 c:/program files (x86)/atmel/studio/7.0/toolchain/avr8/avr8-gnu-toolchain/bin/../lib/gcc/avr/5.4.0/avr5\libgcc.a(_clear_bss.o)
 .text.libgcc.fmul
                0x00000000        0x0 c:/program files (x86)/atmel/studio/7.0/toolchain/avr8/avr8-gnu-toolchain/bin/../lib/gcc/avr/5.4.0/avr5\libgcc.a(_clear_bss.o)
 .text.libgcc.fixed
                0x00000000        0x0 c:/program files (x86)/atmel/studio/7.0/toolchain/avr8/avr8-gnu-toolchain/bin/../lib/gcc/avr/5.4.0/avr5\libgcc.a(_clear_bss.o)

Memory Configuration

Name             Origin             Length             Attributes
text             0x00000000         0x00020000         xr
data             0x00800060         0x0000ffa0         rw !x
eeprom           0x00810000         0x00010000         rw !x
fuse             0x00820000         0x00000002         rw !x
lock             0x00830000         0x00000400         rw !x
signature        0x00840000         0x00000400         rw !x
user_signatures  0x00850000         0x00000400         rw !x
*default*        0x00000000         0xffffffff

Linker script and memory map

LOAD C:/Program Files (x86)/Atmel/Studio/7.0/Packs/atmel/ATmega_DFP/1.2.209/gcc/dev/atmega32/avr5/crtatmega32.o
LOAD APP/APP.o
LOAD Frimware/BCM/BCM.o
LOAD Frimware/TMU/TMU.o
LOAD Frimware/TMU/TMU_Pb.o
LOAD Infrastructure/Interrupt.o
LOAD MCAL/DIO/DIO.o
LOAD MCAL/SPI/SPI.o
LOAD MCAL/SPI/SPI_Pb.o
LOAD MCAL/TIMER/Timer.o
LOAD MCAL/TIMER/Timer_Pb.o
LOAD main.o
LOAD MCAL/UART/UART_Pb.o
LOAD MCAL/UART/UART.o
START GROUP
LOAD c:/program files (x86)/atmel/studio/7.0/toolchain/avr8/avr8-gnu-toolchain/bin/../lib/gcc/avr/5.4.0/../../../../avr/lib/avr5\libm.a
END GROUP
START GROUP
LOAD c:/program files (x86)/atmel/studio/7.0/toolchain/avr8/avr8-gnu-toolchain/bin/../lib/gcc/avr/5.4.0/avr5\libgcc.a
LOAD c:/program files (x86)/atmel/studio/7.0/toolchain/avr8/avr8-gnu-toolchain/bin/../lib/gcc/avr/5.4.0/../../../../avr/lib/avr5\libm.a
LOAD c:/program files (x86)/atmel/studio/7.0/toolchain/avr8/avr8-gnu-toolchain/bin/../lib/gcc/avr/5.4.0/../../../../avr/lib/avr5\libc.a
LOAD C:/Program Files (x86)/Atmel/Studio/7.0/Packs/atmel/ATmega_DFP/1.2.209/gcc/dev/atmega32/avr5\libatmega32.a
END GROUP
                0x00020000                __TEXT_REGION_LENGTH__ = DEFINED (__TEXT_REGION_LENGTH__)?__TEXT_REGION_LENGTH__:0x20000
                0x0000ffa0                __DATA_REGION_LENGTH__ = DEFINED (__DATA_REGION_LENGTH__)?__DATA_REGION_LENGTH__:0xffa0
                0x00010000                __EEPROM_REGION_LENGTH__ = DEFINED (__EEPROM_REGION_LENGTH__)?__EEPROM_REGION_LENGTH__:0x10000
                [0x00000002]                __FUSE_REGION_LENGTH__ = DEFINED (__FUSE_REGION_LENGTH__)?__FUSE_REGION_LENGTH__:0x400
                0x00000400                __LOCK_REGION_LENGTH__ = DEFINED (__LOCK_REGION_LENGTH__)?__LOCK_REGION_LENGTH__:0x400
                0x00000400                __SIGNATURE_REGION_LENGTH__ = DEFINED (__SIGNATURE_REGION_LENGTH__)?__SIGNATURE_REGION_LENGTH__:0x400
                0x00000400                __USER_SIGNATURE_REGION_LENGTH__ = DEFINED (__USER_SIGNATURE_REGION_LENGTH__)?__USER_SIGNATURE_REGION_LENGTH__:0x400

.hash
 *(.hash)

.dynsym
 *(.dynsym)

.dynstr
 *(.dynstr)

.gnu.version
 *(.gnu.version)

.gnu.version_d
 *(.gnu.version_d)

.gnu.version_r
 *(.gnu.version_r)

.rel.init
 *(.rel.init)

.rela.init
 *(.rela.init)

.rel.text
 *(.rel.text)
 *(.rel.text.*)
 *(.rel.gnu.linkonce.t*)

.rela.text
 *(.rela.text)
 *(.rela.text.*)
 *(.rela.gnu.linkonce.t*)

.rel.fini
 *(.rel.fini)

.rela.fini
 *(.rela.fini)

.rel.rodata
 *(.rel.rodata)
 *(.rel.rodata.*)
 *(.rel.gnu.linkonce.r*)

.rela.rodata
 *(.rela.rodata)
 *(.rela.rodata.*)
 *(.rela.gnu.linkonce.r*)

.rel.data
 *(.rel.data)
 *(.rel.data.*)
 *(.rel.gnu.linkonce.d*)

.rela.data
 *(.rela.data)
 *(.rela.data.*)
 *(.rela.gnu.linkonce.d*)

.rel.ctors
 *(.rel.ctors)

.rela.ctors
 *(.rela.ctors)

.rel.dtors
 *(.rel.dtors)

.rela.dtors
 *(.rela.dtors)

.rel.got
 *(.rel.got)

.rela.got
 *(.rela.got)

.rel.bss
 *(.rel.bss)

.rela.bss
 *(.rela.bss)

.rel.plt
 *(.rel.plt)

.rela.plt
 *(.rela.plt)

.text           0x00000000      0x926
 *(.vectors)
 .vectors       0x00000000       0x54 C:/Program Files (x86)/Atmel/Studio/7.0/Packs/atmel/ATmega_DFP/1.2.209/gcc/dev/atmega32/avr5/crtatmega32.o
                0x00000000                __vector_default
                0x00000000                __vectors
 *(.vectors)
 *(.progmem.gcc*)
                0x00000054                . = ALIGN (0x2)
                0x00000054                __trampolines_start = .
 *(.trampolines)
 .trampolines   0x00000054        0x0 linker stubs
 *(.trampolines*)
                0x00000054                __trampolines_end = .
 *libprintf_flt.a:*(.progmem.data)
 *libc.a:*(.progmem.data)
 *(.progmem*)
                0x00000054                . = ALIGN (0x2)
 *(.jumptables)
 *(.jumptables*)
 *(.lowtext)
 *(.lowtext*)
                0x00000054                __ctors_start = .
 *(.ctors)
                0x00000054                __ctors_end = .
                0x00000054                __dtors_start = .
 *(.dtors)
                0x00000054                __dtors_end = .
 SORT(*)(.ctors)
 SORT(*)(.dtors)
 *(.init0)
 .init0         0x00000054        0x0 C:/Program Files (x86)/Atmel/Studio/7.0/Packs/atmel/ATmega_DFP/1.2.209/gcc/dev/atmega32/avr5/crtatmega32.o
                0x00000054                __init
 *(.init0)
 *(.init1)
 *(.init1)
 *(.init2)
 .init2         0x00000054        0xc C:/Program Files (x86)/Atmel/Studio/7.0/Packs/atmel/ATmega_DFP/1.2.209/gcc/dev/atmega32/avr5/crtatmega32.o
 *(.init2)
 *(.init3)
 *(.init3)
 *(.init4)
 .init4         0x00000060       0x16 c:/program files (x86)/atmel/studio/7.0/toolchain/avr8/avr8-gnu-toolchain/bin/../lib/gcc/avr/5.4.0/avr5\libgcc.a(_copy_data.o)
                0x00000060                __do_copy_data
 .init4         0x00000076       0x10 c:/program files (x86)/atmel/studio/7.0/toolchain/avr8/avr8-gnu-toolchain/bin/../lib/gcc/avr/5.4.0/avr5\libgcc.a(_clear_bss.o)
                0x00000076                __do_clear_bss
 *(.init4)
 *(.init5)
 *(.init5)
 *(.init6)
 *(.init6)
 *(.init7)
 *(.init7)
 *(.init8)
 *(.init8)
 *(.init9)
 .init9         0x00000086        0x8 C:/Program Files (x86)/Atmel/Studio/7.0/Packs/atmel/ATmega_DFP/1.2.209/gcc/dev/atmega32/avr5/crtatmega32.o
 *(.init9)
 *(.text)
 .text          0x0000008e        0x4 C:/Program Files (x86)/Atmel/Studio/7.0/Packs/atmel/ATmega_DFP/1.2.209/gcc/dev/atmega32/avr5/crtatmega32.o
                0x0000008e                __vector_1
                0x0000008e                __bad_interrupt
                0x0000008e                __vector_6
                0x0000008e                __vector_3
                0x0000008e                __vector_11
                0x0000008e                __vector_17
                0x0000008e                __vector_19
                0x0000008e                __vector_7
                0x0000008e                __vector_5
                0x0000008e                __vector_4
                0x0000008e                __vector_9
                0x0000008e                __vector_2
                0x0000008e                __vector_8
                0x0000008e                __vector_14
                0x0000008e                __vector_16
                0x0000008e                __vector_18
                0x0000008e                __vector_20
                0x00000092                . = ALIGN (0x2)
 *(.text.*)
 .text.g_BCM_TX_callback
                0x00000092        0xe Frimware/BCM/BCM.o
                0x00000092                g_BCM_TX_callback
 .text.g_BCM_RX_callback
                0x000000a0       0x7a Frimware/BCM/BCM.o
                0x000000a0                g_BCM_RX_callback
 .text.BCM_Init
                0x0000011a       0x86 Frimware/BCM/BCM.o
                0x0000011a                BCM_Init
 .text.BCM_SetupRX_Buffer
                0x000001a0       0x42 Frimware/BCM/BCM.o
                0x000001a0                BCM_SetupRX_Buffer
 .text.BCM_RxDispatcher
                0x000001e2      0x1a8 Frimware/BCM/BCM.o
                0x000001e2                BCM_RxDispatcher
 .text.BCM_setCallBack_RX
                0x0000038a        0xa Frimware/BCM/BCM.o
                0x0000038a                BCM_setCallBack_RX
 .text.__vector_10
                0x00000394       0x68 Frimware/TMU/TMU.o
                0x00000394                __vector_10
 .text.Enable_GlobalInterrupt
                0x000003fc        0x8 Infrastructure/Interrupt.o
                0x000003fc                Enable_GlobalInterrupt
 .text.DIO_Init_Pin
                0x00000404      0x136 MCAL/DIO/DIO.o
                0x00000404                DIO_Init_Pin
 .text.SPI_Init
                0x0000053a      0x194 MCAL/SPI/SPI.o
                0x0000053a                SPI_Init
 .text.__vector_12
                0x000006ce       0x1e MCAL/SPI/SPI.o
                0x000006ce                __vector_12
 .text.APP      0x000006ec        0x6 main.o
                0x000006ec                APP
 .text.main     0x000006f2       0x42 main.o
                0x000006f2                main
 .text.UART_Init
                0x00000734       0xf2 MCAL/UART/UART.o
                0x00000734                UART_Init
 .text.UART_Start_RecieveByte
                0x00000826       0x30 MCAL/UART/UART.o
                0x00000826                UART_Start_RecieveByte
 .text.Set_Call_Back_UART_TX
                0x00000856       0x14 MCAL/UART/UART.o
                0x00000856                Set_Call_Back_UART_TX
 .text.Set_Call_Back_UART_RX
                0x0000086a       0x14 MCAL/UART/UART.o
                0x0000086a                Set_Call_Back_UART_RX
 .text.__vector_13
                0x0000087e       0x52 MCAL/UART/UART.o
                0x0000087e                __vector_13
 .text.__vector_15
                0x000008d0       0x52 MCAL/UART/UART.o
                0x000008d0                __vector_15
                0x00000922                . = ALIGN (0x2)
 *(.fini9)
 .fini9         0x00000922        0x0 c:/program files (x86)/atmel/studio/7.0/toolchain/avr8/avr8-gnu-toolchain/bin/../lib/gcc/avr/5.4.0/avr5\libgcc.a(_exit.o)
                0x00000922                _exit
                0x00000922                exit
 *(.fini9)
 *(.fini8)
 *(.fini8)
 *(.fini7)
 *(.fini7)
 *(.fini6)
 *(.fini6)
 *(.fini5)
 *(.fini5)
 *(.fini4)
 *(.fini4)
 *(.fini3)
 *(.fini3)
 *(.fini2)
 *(.fini2)
 *(.fini1)
 *(.fini1)
 *(.fini0)
 .fini0         0x00000922        0x4 c:/program files (x86)/atmel/studio/7.0/toolchain/avr8/avr8-gnu-toolchain/bin/../lib/gcc/avr/5.4.0/avr5\libgcc.a(_exit.o)
 *(.fini0)
                0x00000926                _etext = .

.data           0x00800060       0x14 load address 0x00000926
                0x00800060                PROVIDE (__data_start, .)
 *(.data)
 *(.data*)
 .data.gu8_setupRX_Buffer
                0x00800060        0x1 Frimware/BCM/BCM.o
 .data.gu8_BCM_init
                0x00800061        0x1 Frimware/BCM/BCM.o
 .data.u8_UART_TX_Flag
                0x00800062        0x1 Frimware/BCM/BCM.o
 .data.gu8_Data_SentFlag
                0x00800063        0x1 MCAL/SPI/SPI.o
                0x00800063                gu8_Data_SentFlag
 .data.SPI_TX   0x00800064        0x7 MCAL/SPI/SPI_Pb.o
                0x00800064                SPI_TX
 .data.obj_UART
                0x0080006b        0x8 MCAL/UART/UART_Pb.o
                0x0080006b                obj_UART
 .data.u8_UART_InterruptMode
                0x00800073        0x1 MCAL/UART/UART.o
 *(.gnu.linkonce.d*)
 *(.rodata)
 *(.rodata*)
 *(.gnu.linkonce.r*)
                0x00800074                . = ALIGN (0x2)
                0x00800074                _edata = .
                0x00800074                PROVIDE (__data_end, .)

.bss            0x00800074       0x2d
                0x00800074                PROVIDE (__bss_start, .)
 *(.bss)
 *(.bss*)
 .bss.gu8_BCM_RX_data
                0x00800074        0x1 Frimware/BCM/BCM.o
 .bss.gu8_BCM_State_Machine_RX
                0x00800075        0x1 Frimware/BCM/BCM.o
 .bss.gu8_BCM_State_Machine_TX
                0x00800076        0x1 Frimware/BCM/BCM.o
 .bss.gu8_BCM_RX_Index_Buffer_ISR
                0x00800077        0x4 Frimware/BCM/BCM.o
 .bss.gu8_BCM_Index_Buffer_RX_Dispat
                0x0080007b        0x4 Frimware/BCM/BCM.o
 .bss.gu8_BCM_Index_Buffer_TX_Dispat
                0x0080007f        0x4 Frimware/BCM/BCM.o
 .bss.gu8_lock_RX_Buffer
                0x00800083        0x1 Frimware/BCM/BCM.o
 .bss.gu8_lock_TX_Buffer
                0x00800084        0x1 Frimware/BCM/BCM.o
 .bss.g_callBack_rx
                0x00800085        0x2 Frimware/BCM/BCM.o
 .bss.ga_Counter
                0x00800087        0x8 Frimware/TMU/TMU.o
 .bss.gu8_BufferCount
                0x0080008f        0x1 Frimware/TMU/TMU.o
 .bss.gu8_Interrupt_Polling_Mode
                0x00800090        0x1 MCAL/SPI/SPI.o
                0x00800090                gu8_Interrupt_Polling_Mode
 .bss.callBack_rx
                0x00800091        0x2 MCAL/UART/UART.o
 .bss.callBack_tx
                0x00800093        0x2 MCAL/UART/UART.o
 *(COMMON)
 COMMON         0x00800095        0xc Frimware/BCM/BCM.o
                0x00800095                str_BCM_Fram_TX
                0x0080009b                str_BCM_Fram_RX
                0x008000a1                PROVIDE (__bss_end, .)
                0x00000926                __data_load_start = LOADADDR (.data)
                0x0000093a                __data_load_end = (__data_load_start + SIZEOF (.data))

.noinit         0x008000a1        0x0
                [!provide]                PROVIDE (__noinit_start, .)
 *(.noinit*)
                [!provide]                PROVIDE (__noinit_end, .)
                0x008000a1                _end = .
                [!provide]                PROVIDE (__heap_start, .)

.eeprom         0x00810000        0x0
 *(.eeprom*)
                0x00810000                __eeprom_end = .

.fuse
 *(.fuse)
 *(.lfuse)
 *(.hfuse)
 *(.efuse)

.lock
 *(.lock*)

.signature
 *(.signature*)

.user_signatures
 *(.user_signatures*)

.stab
 *(.stab)

.stabstr
 *(.stabstr)

.stab.excl
 *(.stab.excl)

.stab.exclstr
 *(.stab.exclstr)

.stab.index
 *(.stab.index)

.stab.indexstr
 *(.stab.indexstr)

.comment        0x00000000       0x30
 *(.comment)
 .comment       0x00000000       0x30 Frimware/BCM/BCM.o
                                 0x31 (size before relaxing)
 .comment       0x00000030       0x31 Frimware/TMU/TMU.o
 .comment       0x00000030       0x31 Infrastructure/Interrupt.o
 .comment       0x00000030       0x31 MCAL/DIO/DIO.o
 .comment       0x00000030       0x31 MCAL/SPI/SPI.o
 .comment       0x00000030       0x31 MCAL/SPI/SPI_Pb.o
 .comment       0x00000030       0x31 main.o
 .comment       0x00000030       0x31 MCAL/UART/UART_Pb.o
 .comment       0x00000030       0x31 MCAL/UART/UART.o

.note.gnu.avr.deviceinfo
                0x00000000       0x3c
 .note.gnu.avr.deviceinfo
                0x00000000       0x3c C:/Program Files (x86)/Atmel/Studio/7.0/Packs/atmel/ATmega_DFP/1.2.209/gcc/dev/atmega32/avr5/crtatmega32.o

.note.gnu.build-id
 *(.note.gnu.build-id)

.debug
 *(.debug)

.line
 *(.line)

.debug_srcinfo
 *(.debug_srcinfo)

.debug_sfnames
 *(.debug_sfnames)

.debug_aranges  0x00000000      0x1f0
 *(.debug_aranges)
 .debug_aranges
                0x00000000       0x60 Frimware/BCM/BCM.o
 .debug_aranges
                0x00000060       0x40 Frimware/TMU/TMU.o
 .debug_aranges
                0x000000a0       0x28 Infrastructure/Interrupt.o
 .debug_aranges
                0x000000c8       0x48 MCAL/DIO/DIO.o
 .debug_aranges
                0x00000110       0x38 MCAL/SPI/SPI.o
 .debug_aranges
                0x00000148       0x18 MCAL/SPI/SPI_Pb.o
 .debug_aranges
                0x00000160       0x28 main.o
 .debug_aranges
                0x00000188       0x18 MCAL/UART/UART_Pb.o
 .debug_aranges
                0x000001a0       0x50 MCAL/UART/UART.o

.debug_pubnames
 *(.debug_pubnames)

.debug_info     0x00000000     0x19ae
 *(.debug_info .gnu.linkonce.wi.*)
 .debug_info    0x00000000      0x4e6 C:/Program Files (x86)/Atmel/Studio/7.0/Packs/atmel/ATmega_DFP/1.2.209/gcc/dev/atmega32/avr5/crtatmega32.o
 .debug_info    0x000004e6      0x5a7 Frimware/BCM/BCM.o
 .debug_info    0x00000a8d      0x332 Frimware/TMU/TMU.o
 .debug_info    0x00000dbf       0xa7 Infrastructure/Interrupt.o
 .debug_info    0x00000e66      0x24f MCAL/DIO/DIO.o
 .debug_info    0x000010b5      0x2bd MCAL/SPI/SPI.o
 .debug_info    0x00001372      0x109 MCAL/SPI/SPI_Pb.o
 .debug_info    0x0000147b      0x16c main.o
 .debug_info    0x000015e7      0x102 MCAL/UART/UART_Pb.o
 .debug_info    0x000016e9      0x2c5 MCAL/UART/UART.o

.debug_abbrev   0x00000000      0xcc3
 *(.debug_abbrev)
 .debug_abbrev  0x00000000      0x4a3 C:/Program Files (x86)/Atmel/Studio/7.0/Packs/atmel/ATmega_DFP/1.2.209/gcc/dev/atmega32/avr5/crtatmega32.o
 .debug_abbrev  0x000004a3      0x1de Frimware/BCM/BCM.o
 .debug_abbrev  0x00000681      0x160 Frimware/TMU/TMU.o
 .debug_abbrev  0x000007e1       0x46 Infrastructure/Interrupt.o
 .debug_abbrev  0x00000827       0xe3 MCAL/DIO/DIO.o
 .debug_abbrev  0x0000090a      0x10f MCAL/SPI/SPI.o
 .debug_abbrev  0x00000a19       0x55 MCAL/SPI/SPI_Pb.o
 .debug_abbrev  0x00000a6e       0xc7 main.o
 .debug_abbrev  0x00000b35       0x55 MCAL/UART/UART_Pb.o
 .debug_abbrev  0x00000b8a      0x139 MCAL/UART/UART.o

.debug_line     0x00000000     0x1544
 *(.debug_line .debug_line.* .debug_line_end)
 .debug_line    0x00000000      0x115 C:/Program Files (x86)/Atmel/Studio/7.0/Packs/atmel/ATmega_DFP/1.2.209/gcc/dev/atmega32/avr5/crtatmega32.o
 .debug_line    0x00000115      0x49f Frimware/BCM/BCM.o
 .debug_line    0x000005b4      0x249 Frimware/TMU/TMU.o
 .debug_line    0x000007fd       0x76 Infrastructure/Interrupt.o
 .debug_line    0x00000873      0x4f2 MCAL/DIO/DIO.o
 .debug_line    0x00000d65      0x386 MCAL/SPI/SPI.o
 .debug_line    0x000010eb       0x5c MCAL/SPI/SPI_Pb.o
 .debug_line    0x00001147       0xab main.o
 .debug_line    0x000011f2       0x5f MCAL/UART/UART_Pb.o
 .debug_line    0x00001251      0x2f3 MCAL/UART/UART.o

.debug_frame    0x00000000      0x3f8
 *(.debug_frame)
 .debug_frame   0x00000000       0xb0 Frimware/BCM/BCM.o
 .debug_frame   0x000000b0       0xcc Frimware/TMU/TMU.o
 .debug_frame   0x0000017c       0x34 Infrastructure/Interrupt.o
 .debug_frame   0x000001b0       0x74 MCAL/DIO/DIO.o
 .debug_frame   0x00000224       0x70 MCAL/SPI/SPI.o
 .debug_frame   0x00000294       0x44 main.o
 .debug_frame   0x000002d8      0x120 MCAL/UART/UART.o

.debug_str      0x00000000      0x9fe
 *(.debug_str)
 .debug_str     0x00000000      0x196 C:/Program Files (x86)/Atmel/Studio/7.0/Packs/atmel/ATmega_DFP/1.2.209/gcc/dev/atmega32/avr5/crtatmega32.o
 .debug_str     0x00000196      0x4bc Frimware/BCM/BCM.o
                                0x4f0 (size before relaxing)
 .debug_str     0x00000652      0x167 Frimware/TMU/TMU.o
                                0x2f6 (size before relaxing)
 .debug_str     0x000007b9       0x4d Infrastructure/Interrupt.o
                                0x1ab (size before relaxing)
 .debug_str     0x00000806       0xbe MCAL/DIO/DIO.o
                                0x223 (size before relaxing)
 .debug_str     0x000008c4       0x82 MCAL/SPI/SPI.o
                                0x284 (size before relaxing)
 .debug_str     0x00000946       0x1c MCAL/SPI/SPI_Pb.o
                                0x200 (size before relaxing)
 .debug_str     0x00000962       0x11 main.o
                                0x1b8 (size before relaxing)
 .debug_str     0x00000973       0x17 MCAL/UART/UART_Pb.o
                                0x1f5 (size before relaxing)
 .debug_str     0x0000098a       0x74 MCAL/UART/UART.o
                                0x2db (size before relaxing)

.debug_loc      0x00000000     0x1336
 *(.debug_loc)
 .debug_loc     0x00000000      0x16d Frimware/BCM/BCM.o
 .debug_loc     0x0000016d      0x302 Frimware/TMU/TMU.o
 .debug_loc     0x0000046f      0x878 MCAL/DIO/DIO.o
 .debug_loc     0x00000ce7      0x1e3 MCAL/SPI/SPI.o
 .debug_loc     0x00000eca       0x47 main.o
 .debug_loc     0x00000f11      0x425 MCAL/UART/UART.o

.debug_macinfo
 *(.debug_macinfo)

.debug_weaknames
 *(.debug_weaknames)

.debug_funcnames
 *(.debug_funcnames)

.debug_typenames
 *(.debug_typenames)

.debug_varnames
 *(.debug_varnames)

.debug_pubtypes
 *(.debug_pubtypes)

.debug_ranges   0x00000000      0x150
 *(.debug_ranges)
 .debug_ranges  0x00000000       0x50 Frimware/BCM/BCM.o
 .debug_ranges  0x00000050       0x30 Frimware/TMU/TMU.o
 .debug_ranges  0x00000080       0x18 Infrastructure/Interrupt.o
 .debug_ranges  0x00000098       0x38 MCAL/DIO/DIO.o
 .debug_ranges  0x000000d0       0x28 MCAL/SPI/SPI.o
 .debug_ranges  0x000000f8       0x18 main.o
 .debug_ranges  0x00000110       0x40 MCAL/UART/UART.o

.debug_macro
 *(.debug_macro)
OUTPUT(BCM_RX.elf elf32-avr)
LOAD linker stubs
