Archive member included to satisfy reference by file (symbol)

c:/program files (x86)/atmel/studio/7.0/toolchain/avr8/avr8-gnu-toolchain/bin/../lib/gcc/avr/5.4.0/avr5\libgcc.a(_exit.o)
                              C:/Program Files (x86)/Atmel/Studio/7.0/Packs/atmel/ATmega_DFP/1.2.209/gcc/dev/atmega32/avr5/crtatmega32.o (exit)
c:/program files (x86)/atmel/studio/7.0/toolchain/avr8/avr8-gnu-toolchain/bin/../lib/gcc/avr/5.4.0/avr5\libgcc.a(_copy_data.o)
                              APP/APP.o (__do_copy_data)
c:/program files (x86)/atmel/studio/7.0/toolchain/avr8/avr8-gnu-toolchain/bin/../lib/gcc/avr/5.4.0/avr5\libgcc.a(_clear_bss.o)
                              APP/APP.o (__do_clear_bss)

Allocating common symbols
Common symbol       size              file

str_BCM_Fram_TX     0x6               Frimware/BCM/BCM.o
str_BCM_Fram_RX     0x6               Frimware/BCM/BCM.o

Discarded input sections

 .data          0x00000000        0x0 C:/Program Files (x86)/Atmel/Studio/7.0/Packs/atmel/ATmega_DFP/1.2.209/gcc/dev/atmega32/avr5/crtatmega32.o
 .bss           0x00000000        0x0 C:/Program Files (x86)/Atmel/Studio/7.0/Packs/atmel/ATmega_DFP/1.2.209/gcc/dev/atmega32/avr5/crtatmega32.o
 .text          0x00000000        0x0 APP/APP.o
 .data          0x00000000        0x0 APP/APP.o
 .bss           0x00000000        0x0 APP/APP.o
 .text          0x00000000        0x0 Frimware/BCM/BCM.o
 .data          0x00000000        0x0 Frimware/BCM/BCM.o
 .bss           0x00000000        0x0 Frimware/BCM/BCM.o
 .text.g_BCM_TX_callback
                0x00000000        0xe Frimware/BCM/BCM.o
 .text.g_BCM_RX_callback
                0x00000000       0x7a Frimware/BCM/BCM.o
 .text.BCM_Init
                0x00000000       0x86 Frimware/BCM/BCM.o
 .text.BCM_Send
                0x00000000       0x50 Frimware/BCM/BCM.o
 .text.BCM_TxDispatcher
                0x00000000      0x206 Frimware/BCM/BCM.o
 .text.BCM_SetupRX_Buffer
                0x00000000       0x42 Frimware/BCM/BCM.o
 .text.BCM_RxDispatcher
                0x00000000      0x1a8 Frimware/BCM/BCM.o
 .text.BCM_setCallBack_TX
                0x00000000        0xa Frimware/BCM/BCM.o
 .text.BCM_setCallBack_RX
                0x00000000        0xa Frimware/BCM/BCM.o
 .bss.gu8_BCM_RX_data
                0x00000000        0x1 Frimware/BCM/BCM.o
 .bss.gu8_BCM_State_Machine_RX
                0x00000000        0x1 Frimware/BCM/BCM.o
 .bss.gu8_BCM_State_Machine_TX
                0x00000000        0x1 Frimware/BCM/BCM.o
 .bss.gu8_BCM_RX_Index_Buffer_ISR
                0x00000000        0x4 Frimware/BCM/BCM.o
 .bss.gu8_BCM_Index_Buffer_RX_Dispat
                0x00000000        0x4 Frimware/BCM/BCM.o
 .bss.gu8_BCM_Index_Buffer_TX_Dispat
                0x00000000        0x4 Frimware/BCM/BCM.o
 .data.gu8_setupRX_Buffer
                0x00000000        0x1 Frimware/BCM/BCM.o
 .bss.gu8_lock_RX_Buffer
                0x00000000        0x1 Frimware/BCM/BCM.o
 .bss.gu8_lock_TX_Buffer
                0x00000000        0x1 Frimware/BCM/BCM.o
 .data.gu8_BCM_init
                0x00000000        0x1 Frimware/BCM/BCM.o
 .data.u8_UART_TX_Flag
                0x00000000        0x1 Frimware/BCM/BCM.o
 .bss.g_callBack_rx
                0x00000000        0x2 Frimware/BCM/BCM.o
 .bss.g_callBack_tx
                0x00000000        0x2 Frimware/BCM/BCM.o
 .debug_info    0x00000000      0x5a7 Frimware/BCM/BCM.o
 .debug_abbrev  0x00000000      0x1de Frimware/BCM/BCM.o
 .debug_loc     0x00000000      0x16d Frimware/BCM/BCM.o
 .debug_aranges
                0x00000000       0x60 Frimware/BCM/BCM.o
 .debug_ranges  0x00000000       0x50 Frimware/BCM/BCM.o
 .debug_line    0x00000000      0x49f Frimware/BCM/BCM.o
 .debug_str     0x00000000      0x4fe Frimware/BCM/BCM.o
 .comment       0x00000000       0x31 Frimware/BCM/BCM.o
 .debug_frame   0x00000000       0xb0 Frimware/BCM/BCM.o
 COMMON         0x00000000        0xc Frimware/BCM/BCM.o
 .text          0x00000000        0x0 Frimware/TMU/TMU.o
 .data          0x00000000        0x0 Frimware/TMU/TMU.o
 .bss           0x00000000        0x0 Frimware/TMU/TMU.o
 .text.TMU_Init
                0x00000000       0x2c Frimware/TMU/TMU.o
 .text.TMU_Start
                0x00000000       0xb6 Frimware/TMU/TMU.o
 .text.TMU_Dispatcher
                0x00000000       0xfa Frimware/TMU/TMU.o
 .text.TMU_Stop
                0x00000000       0x7c Frimware/TMU/TMU.o
 .bss.gastr_JopBuffer
                0x00000000       0x18 Frimware/TMU/TMU.o
 .data.gu8_TMU_init
                0x00000000        0x1 Frimware/TMU/TMU.o
 .bss.gu8_TMU_flag
                0x00000000        0x1 Frimware/TMU/TMU.o
 .bss.gu16_Resolution
                0x00000000        0x2 Frimware/TMU/TMU.o
 .text          0x00000000        0x0 Frimware/TMU/TMU_Pb.o
 .data          0x00000000        0x0 Frimware/TMU/TMU_Pb.o
 .bss           0x00000000        0x0 Frimware/TMU/TMU_Pb.o
 .debug_info    0x00000000       0x64 Frimware/TMU/TMU_Pb.o
 .debug_abbrev  0x00000000       0x1b Frimware/TMU/TMU_Pb.o
 .debug_aranges
                0x00000000       0x18 Frimware/TMU/TMU_Pb.o
 .debug_line    0x00000000       0x1a Frimware/TMU/TMU_Pb.o
 .debug_str     0x00000000      0x17d Frimware/TMU/TMU_Pb.o
 .comment       0x00000000       0x31 Frimware/TMU/TMU_Pb.o
 .text          0x00000000        0x0 Infrastructure/Interrupt.o
 .data          0x00000000        0x0 Infrastructure/Interrupt.o
 .bss           0x00000000        0x0 Infrastructure/Interrupt.o
 .text.Disable_GlobalInterrupt
                0x00000000        0x8 Infrastructure/Interrupt.o
 .text          0x00000000        0x0 MCAL/DIO/DIO.o
 .data          0x00000000        0x0 MCAL/DIO/DIO.o
 .bss           0x00000000        0x0 MCAL/DIO/DIO.o
 .text.DIO_Write_Pin
                0x00000000      0x136 MCAL/DIO/DIO.o
 .text.DIO_Read_Pin
                0x00000000       0xd6 MCAL/DIO/DIO.o
 .text.DIO_Write_Port
                0x00000000       0xb6 MCAL/DIO/DIO.o
 .text.DIO_Read_Port
                0x00000000       0x46 MCAL/DIO/DIO.o
 .text          0x00000000        0x0 MCAL/SPI/SPI.o
 .data          0x00000000        0x0 MCAL/SPI/SPI.o
 .bss           0x00000000        0x0 MCAL/SPI/SPI.o
 .text.SPI_Receive_Byte
                0x00000000       0x2a MCAL/SPI/SPI.o
 .text.Set_Call_Back_SPI
                0x00000000        0xc MCAL/SPI/SPI.o
 .text          0x00000000        0x0 MCAL/SPI/SPI_Pb.o
 .data          0x00000000        0x0 MCAL/SPI/SPI_Pb.o
 .bss           0x00000000        0x0 MCAL/SPI/SPI_Pb.o
 .bss.SPI_RX    0x00000000        0x7 MCAL/SPI/SPI_Pb.o
 .text          0x00000000        0x0 MCAL/TIMER/Timer.o
 .data          0x00000000        0x0 MCAL/TIMER/Timer.o
 .bss           0x00000000        0x0 MCAL/TIMER/Timer.o
 .text.Timer_Init
                0x00000000       0xf0 MCAL/TIMER/Timer.o
 .text.Timer_Start
                0x00000000      0x154 MCAL/TIMER/Timer.o
 .text.Timer_Stop
                0x00000000       0x2e MCAL/TIMER/Timer.o
 .text.Timer_Reset
                0x00000000       0x24 MCAL/TIMER/Timer.o
 .bss.gau8_TimerMode
                0x00000000        0x3 MCAL/TIMER/Timer.o
 .bss.gau8_TimerPrescaller
                0x00000000        0x3 MCAL/TIMER/Timer.o
 .debug_info    0x00000000      0x222 MCAL/TIMER/Timer.o
 .debug_abbrev  0x00000000       0xe8 MCAL/TIMER/Timer.o
 .debug_loc     0x00000000      0x2c5 MCAL/TIMER/Timer.o
 .debug_aranges
                0x00000000       0x38 MCAL/TIMER/Timer.o
 .debug_ranges  0x00000000       0x28 MCAL/TIMER/Timer.o
 .debug_line    0x00000000      0x3c6 MCAL/TIMER/Timer.o
 .debug_str     0x00000000      0x270 MCAL/TIMER/Timer.o
 .comment       0x00000000       0x31 MCAL/TIMER/Timer.o
 .debug_frame   0x00000000       0x54 MCAL/TIMER/Timer.o
 .text          0x00000000        0x0 MCAL/TIMER/Timer_Pb.o
 .data          0x00000000        0x0 MCAL/TIMER/Timer_Pb.o
 .bss           0x00000000        0x0 MCAL/TIMER/Timer_Pb.o
 .data.Timer2   0x00000000        0x4 MCAL/TIMER/Timer_Pb.o
 .data.Timer1   0x00000000        0x4 MCAL/TIMER/Timer_Pb.o
 .data.Timer0   0x00000000        0x4 MCAL/TIMER/Timer_Pb.o
 .debug_info    0x00000000       0xf1 MCAL/TIMER/Timer_Pb.o
 .debug_abbrev  0x00000000       0x55 MCAL/TIMER/Timer_Pb.o
 .debug_aranges
                0x00000000       0x18 MCAL/TIMER/Timer_Pb.o
 .debug_line    0x00000000       0x62 MCAL/TIMER/Timer_Pb.o
 .debug_str     0x00000000      0x1e5 MCAL/TIMER/Timer_Pb.o
 .comment       0x00000000       0x31 MCAL/TIMER/Timer_Pb.o
 .text          0x00000000        0x0 main.o
 .data          0x00000000        0x0 main.o
 .bss           0x00000000        0x0 main.o
 .text          0x00000000        0x0 MCAL/UART/UART_Pb.o
 .data          0x00000000        0x0 MCAL/UART/UART_Pb.o
 .bss           0x00000000        0x0 MCAL/UART/UART_Pb.o
 .text          0x00000000        0x0 MCAL/UART/UART.o
 .data          0x00000000        0x0 MCAL/UART/UART.o
 .bss           0x00000000        0x0 MCAL/UART/UART.o
 .text.UART_Send_Byte
                0x00000000       0x20 MCAL/UART/UART.o
 .text          0x00000000        0x0 c:/program files (x86)/atmel/studio/7.0/toolchain/avr8/avr8-gnu-toolchain/bin/../lib/gcc/avr/5.4.0/avr5\libgcc.a(_exit.o)
 .data          0x00000000        0x0 c:/program files (x86)/atmel/studio/7.0/toolchain/avr8/avr8-gnu-toolchain/bin/../lib/gcc/avr/5.4.0/avr5\libgcc.a(_exit.o)
 .bss           0x00000000        0x0 c:/program files (x86)/atmel/studio/7.0/toolchain/avr8/avr8-gnu-toolchain/bin/../lib/gcc/avr/5.4.0/avr5\libgcc.a(_exit.o)
 .text.libgcc.mul
                0x00000000        0x0 c:/program files (x86)/atmel/studio/7.0/toolchain/avr8/avr8-gnu-toolchain/bin/../lib/gcc/avr/5.4.0/avr5\libgcc.a(_exit.o)
 .text.libgcc.div
                0x00000000        0x0 c:/program files (x86)/atmel/studio/7.0/toolchain/avr8/avr8-gnu-toolchain/bin/../lib/gcc/avr/5.4.0/avr5\libgcc.a(_exit.o)
 .text.libgcc   0x00000000        0x0 c:/program files (x86)/atmel/studio/7.0/toolchain/avr8/avr8-gnu-toolchain/bin/../lib/gcc/avr/5.4.0/avr5\libgcc.a(_exit.o)
 .text.libgcc.prologue
                0x00000000        0x0 c:/program files (x86)/atmel/studio/7.0/toolchain/avr8/avr8-gnu-toolchain/bin/../lib/gcc/avr/5.4.0/avr5\libgcc.a(_exit.o)
 .text.libgcc.builtins
                0x00000000        0x0 c:/program files (x86)/atmel/studio/7.0/toolchain/avr8/avr8-gnu-toolchain/bin/../lib/gcc/avr/5.4.0/avr5\libgcc.a(_exit.o)
 .text.libgcc.fmul
                0x00000000        0x0 c:/program files (x86)/atmel/studio/7.0/toolchain/avr8/avr8-gnu-toolchain/bin/../lib/gcc/avr/5.4.0/avr5\libgcc.a(_exit.o)
 .text.libgcc.fixed
                0x00000000        0x0 c:/program files (x86)/atmel/studio/7.0/toolchain/avr8/avr8-gnu-toolchain/bin/../lib/gcc/avr/5.4.0/avr5\libgcc.a(_exit.o)
 .text          0x00000000        0x0 c:/program files (x86)/atmel/studio/7.0/toolchain/avr8/avr8-gnu-toolchain/bin/../lib/gcc/avr/5.4.0/avr5\libgcc.a(_copy_data.o)
 .data          0x00000000        0x0 c:/program files (x86)/atmel/studio/7.0/toolchain/avr8/avr8-gnu-toolchain/bin/../lib/gcc/avr/5.4.0/avr5\libgcc.a(_copy_data.o)
 .bss           0x00000000        0x0 c:/program files (x86)/atmel/studio/7.0/toolchain/avr8/avr8-gnu-toolchain/bin/../lib/gcc/avr/5.4.0/avr5\libgcc.a(_copy_data.o)
 .text.libgcc.mul
                0x00000000        0x0 c:/program files (x86)/atmel/studio/7.0/toolchain/avr8/avr8-gnu-toolchain/bin/../lib/gcc/avr/5.4.0/avr5\libgcc.a(_copy_data.o)
 .text.libgcc.div
                0x00000000        0x0 c:/program files (x86)/atmel/studio/7.0/toolchain/avr8/avr8-gnu-toolchain/bin/../lib/gcc/avr/5.4.0/avr5\libgcc.a(_copy_data.o)
 .text.libgcc   0x00000000        0x0 c:/program files (x86)/atmel/studio/7.0/toolchain/avr8/avr8-gnu-toolchain/bin/../lib/gcc/avr/5.4.0/avr5\libgcc.a(_copy_data.o)
 .text.libgcc.prologue
                0x00000000        0x0 c:/program files (x86)/atmel/studio/7.0/toolchain/avr8/avr8-gnu-toolchain/bin/../lib/gcc/avr/5.4.0/avr5\libgcc.a(_copy_data.o)
 .text.libgcc.builtins
                0x00000000        0x0 c:/program files (x86)/atmel/studio/7.0/toolchain/avr8/avr8-gnu-toolchain/bin/../lib/gcc/avr/5.4.0/avr5\libgcc.a(_copy_data.o)
 .text.libgcc.fmul
                0x00000000        0x0 c:/program files (x86)/atmel/studio/7.0/toolchain/avr8/avr8-gnu-toolchain/bin/../lib/gcc/avr/5.4.0/avr5\libgcc.a(_copy_data.o)
 .text.libgcc.fixed
                0x00000000        0x0 c:/program files (x86)/atmel/studio/7.0/toolchain/avr8/avr8-gnu-toolchain/bin/../lib/gcc/avr/5.4.0/avr5\libgcc.a(_copy_data.o)
 .text          0x00000000        0x0 c:/program files (x86)/atmel/studio/7.0/toolchain/avr8/avr8-gnu-toolchain/bin/../lib/gcc/avr/5.4.0/avr5\libgcc.a(_clear_bss.o)
 .data          0x00000000        0x0 c:/program files (x86)/atmel/studio/7.0/toolchain/avr8/avr8-gnu-toolchain/bin/../lib/gcc/avr/5.4.0/avr5\libgcc.a(_clear_bss.o)
 .bss           0x00000000        0x0 c:/program files (x86)/atmel/studio/7.0/toolchain/avr8/avr8-gnu-toolchain/bin/../lib/gcc/avr/5.4.0/avr5\libgcc.a(_clear_bss.o)
 .text.libgcc.mul
                0x00000000        0x0 c:/program files (x86)/atmel/studio/7.0/toolchain/avr8/avr8-gnu-toolchain/bin/../lib/gcc/avr/5.4.0/avr5\libgcc.a(_clear_bss.o)
 .text.libgcc.div
                0x00000000        0x0 c:/program files (x86)/atmel/studio/7.0/toolchain/avr8/avr8-gnu-toolchain/bin/../lib/gcc/avr/5.4.0/avr5\libgcc.a(_clear_bss.o)
 .text.libgcc   0x00000000        0x0 c:/program files (x86)/atmel/studio/7.0/toolchain/avr8/avr8-gnu-toolchain/bin/../lib/gcc/avr/5.4.0/avr5\libgcc.a(_clear_bss.o)
 .text.libgcc.prologue
                0x00000000        0x0 c:/program files (x86)/atmel/studio/7.0/toolchain/avr8/avr8-gnu-toolchain/bin/../lib/gcc/avr/5.4.0/avr5\libgcc.a(_clear_bss.o)
 .text.libgcc.builtins
                0x00000000        0x0 c:/program files (x86)/atmel/studio/7.0/toolchain/avr8/avr8-gnu-toolchain/bin/../lib/gcc/avr/5.4.0/avr5\libgcc.a(_clear_bss.o)
 .text.libgcc.fmul
                0x00000000        0x0 c:/program files (x86)/atmel/studio/7.0/toolchain/avr8/avr8-gnu-toolchain/bin/../lib/gcc/avr/5.4.0/avr5\libgcc.a(_clear_bss.o)
 .text.libgcc.fixed
                0x00000000        0x0 c:/program files (x86)/atmel/studio/7.0/toolchain/avr8/avr8-gnu-toolchain/bin/../lib/gcc/avr/5.4.0/avr5\libgcc.a(_clear_bss.o)

Memory Configuration

Name             Origin             Length             Attributes
text             0x00000000         0x00020000         xr
data             0x00800060         0x0000ffa0         rw !x
eeprom           0x00810000         0x00010000         rw !x
fuse             0x00820000         0x00000002         rw !x
lock             0x00830000         0x00000400         rw !x
signature        0x00840000         0x00000400         rw !x
user_signatures  0x00850000         0x00000400         rw !x
*default*        0x00000000         0xffffffff

Linker script and memory map

LOAD C:/Program Files (x86)/Atmel/Studio/7.0/Packs/atmel/ATmega_DFP/1.2.209/gcc/dev/atmega32/avr5/crtatmega32.o
LOAD APP/APP.o
LOAD Frimware/BCM/BCM.o
LOAD Frimware/TMU/TMU.o
LOAD Frimware/TMU/TMU_Pb.o
LOAD Infrastructure/Interrupt.o
LOAD MCAL/DIO/DIO.o
LOAD MCAL/SPI/SPI.o
LOAD MCAL/SPI/SPI_Pb.o
LOAD MCAL/TIMER/Timer.o
LOAD MCAL/TIMER/Timer_Pb.o
LOAD main.o
LOAD MCAL/UART/UART_Pb.o
LOAD MCAL/UART/UART.o
START GROUP
LOAD c:/program files (x86)/atmel/studio/7.0/toolchain/avr8/avr8-gnu-toolchain/bin/../lib/gcc/avr/5.4.0/../../../../avr/lib/avr5\libm.a
END GROUP
START GROUP
LOAD c:/program files (x86)/atmel/studio/7.0/toolchain/avr8/avr8-gnu-toolchain/bin/../lib/gcc/avr/5.4.0/avr5\libgcc.a
LOAD c:/program files (x86)/atmel/studio/7.0/toolchain/avr8/avr8-gnu-toolchain/bin/../lib/gcc/avr/5.4.0/../../../../avr/lib/avr5\libm.a
LOAD c:/program files (x86)/atmel/studio/7.0/toolchain/avr8/avr8-gnu-toolchain/bin/../lib/gcc/avr/5.4.0/../../../../avr/lib/avr5\libc.a
LOAD C:/Program Files (x86)/Atmel/Studio/7.0/Packs/atmel/ATmega_DFP/1.2.209/gcc/dev/atmega32/avr5\libatmega32.a
END GROUP
                0x00020000                __TEXT_REGION_LENGTH__ = DEFINED (__TEXT_REGION_LENGTH__)?__TEXT_REGION_LENGTH__:0x20000
                0x0000ffa0                __DATA_REGION_LENGTH__ = DEFINED (__DATA_REGION_LENGTH__)?__DATA_REGION_LENGTH__:0xffa0
                0x00010000                __EEPROM_REGION_LENGTH__ = DEFINED (__EEPROM_REGION_LENGTH__)?__EEPROM_REGION_LENGTH__:0x10000
                [0x00000002]                __FUSE_REGION_LENGTH__ = DEFINED (__FUSE_REGION_LENGTH__)?__FUSE_REGION_LENGTH__:0x400
                0x00000400                __LOCK_REGION_LENGTH__ = DEFINED (__LOCK_REGION_LENGTH__)?__LOCK_REGION_LENGTH__:0x400
                0x00000400                __SIGNATURE_REGION_LENGTH__ = DEFINED (__SIGNATURE_REGION_LENGTH__)?__SIGNATURE_REGION_LENGTH__:0x400
                0x00000400                __USER_SIGNATURE_REGION_LENGTH__ = DEFINED (__USER_SIGNATURE_REGION_LENGTH__)?__USER_SIGNATURE_REGION_LENGTH__:0x400

.hash
 *(.hash)

.dynsym
 *(.dynsym)

.dynstr
 *(.dynstr)

.gnu.version
 *(.gnu.version)

.gnu.version_d
 *(.gnu.version_d)

.gnu.version_r
 *(.gnu.version_r)

.rel.init
 *(.rel.init)

.rela.init
 *(.rela.init)

.rel.text
 *(.rel.text)
 *(.rel.text.*)
 *(.rel.gnu.linkonce.t*)

.rela.text
 *(.rela.text)
 *(.rela.text.*)
 *(.rela.gnu.linkonce.t*)

.rel.fini
 *(.rel.fini)

.rela.fini
 *(.rela.fini)

.rel.rodata
 *(.rel.rodata)
 *(.rel.rodata.*)
 *(.rel.gnu.linkonce.r*)

.rela.rodata
 *(.rela.rodata)
 *(.rela.rodata.*)
 *(.rela.gnu.linkonce.r*)

.rel.data
 *(.rel.data)
 *(.rel.data.*)
 *(.rel.gnu.linkonce.d*)

.rela.data
 *(.rela.data)
 *(.rela.data.*)
 *(.rela.gnu.linkonce.d*)

.rel.ctors
 *(.rel.ctors)

.rela.ctors
 *(.rela.ctors)

.rel.dtors
 *(.rel.dtors)

.rela.dtors
 *(.rela.dtors)

.rel.got
 *(.rel.got)

.rela.got
 *(.rela.got)

.rel.bss
 *(.rel.bss)

.rela.bss
 *(.rela.bss)

.rel.plt
 *(.rel.plt)

.rela.plt
 *(.rela.plt)

.text           0x00000000      0x7c6
 *(.vectors)
 .vectors       0x00000000       0x54 C:/Program Files (x86)/Atmel/Studio/7.0/Packs/atmel/ATmega_DFP/1.2.209/gcc/dev/atmega32/avr5/crtatmega32.o
                0x00000000                __vector_default
                0x00000000                __vectors
 *(.vectors)
 *(.progmem.gcc*)
                0x00000054                . = ALIGN (0x2)
                0x00000054                __trampolines_start = .
 *(.trampolines)
 .trampolines   0x00000054        0x0 linker stubs
 *(.trampolines*)
                0x00000054                __trampolines_end = .
 *libprintf_flt.a:*(.progmem.data)
 *libc.a:*(.progmem.data)
 *(.progmem*)
                0x00000054                . = ALIGN (0x2)
 *(.jumptables)
 *(.jumptables*)
 *(.lowtext)
 *(.lowtext*)
                0x00000054                __ctors_start = .
 *(.ctors)
                0x00000054                __ctors_end = .
                0x00000054                __dtors_start = .
 *(.dtors)
                0x00000054                __dtors_end = .
 SORT(*)(.ctors)
 SORT(*)(.dtors)
 *(.init0)
 .init0         0x00000054        0x0 C:/Program Files (x86)/Atmel/Studio/7.0/Packs/atmel/ATmega_DFP/1.2.209/gcc/dev/atmega32/avr5/crtatmega32.o
                0x00000054                __init
 *(.init0)
 *(.init1)
 *(.init1)
 *(.init2)
 .init2         0x00000054        0xc C:/Program Files (x86)/Atmel/Studio/7.0/Packs/atmel/ATmega_DFP/1.2.209/gcc/dev/atmega32/avr5/crtatmega32.o
 *(.init2)
 *(.init3)
 *(.init3)
 *(.init4)
 .init4         0x00000060       0x16 c:/program files (x86)/atmel/studio/7.0/toolchain/avr8/avr8-gnu-toolchain/bin/../lib/gcc/avr/5.4.0/avr5\libgcc.a(_copy_data.o)
                0x00000060                __do_copy_data
 .init4         0x00000076       0x10 c:/program files (x86)/atmel/studio/7.0/toolchain/avr8/avr8-gnu-toolchain/bin/../lib/gcc/avr/5.4.0/avr5\libgcc.a(_clear_bss.o)
                0x00000076                __do_clear_bss
 *(.init4)
 *(.init5)
 *(.init5)
 *(.init6)
 *(.init6)
 *(.init7)
 *(.init7)
 *(.init8)
 *(.init8)
 *(.init9)
 .init9         0x00000086        0x8 C:/Program Files (x86)/Atmel/Studio/7.0/Packs/atmel/ATmega_DFP/1.2.209/gcc/dev/atmega32/avr5/crtatmega32.o
 *(.init9)
 *(.text)
 .text          0x0000008e        0x4 C:/Program Files (x86)/Atmel/Studio/7.0/Packs/atmel/ATmega_DFP/1.2.209/gcc/dev/atmega32/avr5/crtatmega32.o
                0x0000008e                __vector_1
                0x0000008e                __bad_interrupt
                0x0000008e                __vector_6
                0x0000008e                __vector_3
                0x0000008e                __vector_11
                0x0000008e                __vector_17
                0x0000008e                __vector_19
                0x0000008e                __vector_7
                0x0000008e                __vector_5
                0x0000008e                __vector_4
                0x0000008e                __vector_9
                0x0000008e                __vector_2
                0x0000008e                __vector_8
                0x0000008e                __vector_14
                0x0000008e                __vector_16
                0x0000008e                __vector_18
                0x0000008e                __vector_20
                0x00000092                . = ALIGN (0x2)
 *(.text.*)
 .text.VSE_dispatcher_KIT1
                0x00000092       0xaa APP/APP.o
                0x00000092                VSE_dispatcher_KIT1
 .text.g_VSE_TX_callback
                0x0000013c        0x8 APP/APP.o
                0x0000013c                g_VSE_TX_callback
 .text.g_VSE_RX_callback
                0x00000144       0x4c APP/APP.o
                0x00000144                g_VSE_RX_callback
 .text.__vector_10
                0x00000190       0x68 Frimware/TMU/TMU.o
                0x00000190                __vector_10
 .text.Enable_GlobalInterrupt
                0x000001f8        0x8 Infrastructure/Interrupt.o
                0x000001f8                Enable_GlobalInterrupt
 .text.DIO_Init_Pin
                0x00000200      0x136 MCAL/DIO/DIO.o
                0x00000200                DIO_Init_Pin
 .text.DIO_Init_Port
                0x00000336       0x7c MCAL/DIO/DIO.o
                0x00000336                DIO_Init_Port
 .text.SPI_Init
                0x000003b2      0x194 MCAL/SPI/SPI.o
                0x000003b2                SPI_Init
 .text.SPI_Send_Byte
                0x00000546       0x24 MCAL/SPI/SPI.o
                0x00000546                SPI_Send_Byte
 .text.__vector_12
                0x0000056a       0x1e MCAL/SPI/SPI.o
                0x0000056a                __vector_12
 .text.main     0x00000588       0x4e main.o
                0x00000588                main
 .text.UART_Init
                0x000005d6       0xf0 MCAL/UART/UART.o
                0x000005d6                UART_Init
 .text.UART_Start_RecieveByte
                0x000006c6       0x30 MCAL/UART/UART.o
                0x000006c6                UART_Start_RecieveByte
 .text.Set_Call_Back_UART_TX
                0x000006f6       0x14 MCAL/UART/UART.o
                0x000006f6                Set_Call_Back_UART_TX
 .text.Set_Call_Back_UART_RX
                0x0000070a       0x14 MCAL/UART/UART.o
                0x0000070a                Set_Call_Back_UART_RX
 .text.__vector_13
                0x0000071e       0x52 MCAL/UART/UART.o
                0x0000071e                __vector_13
 .text.__vector_15
                0x00000770       0x52 MCAL/UART/UART.o
                0x00000770                __vector_15
                0x000007c2                . = ALIGN (0x2)
 *(.fini9)
 .fini9         0x000007c2        0x0 c:/program files (x86)/atmel/studio/7.0/toolchain/avr8/avr8-gnu-toolchain/bin/../lib/gcc/avr/5.4.0/avr5\libgcc.a(_exit.o)
                0x000007c2                _exit
                0x000007c2                exit
 *(.fini9)
 *(.fini8)
 *(.fini8)
 *(.fini7)
 *(.fini7)
 *(.fini6)
 *(.fini6)
 *(.fini5)
 *(.fini5)
 *(.fini4)
 *(.fini4)
 *(.fini3)
 *(.fini3)
 *(.fini2)
 *(.fini2)
 *(.fini1)
 *(.fini1)
 *(.fini0)
 .fini0         0x000007c2        0x4 c:/program files (x86)/atmel/studio/7.0/toolchain/avr8/avr8-gnu-toolchain/bin/../lib/gcc/avr/5.4.0/avr5\libgcc.a(_exit.o)
 *(.fini0)
                0x000007c6                _etext = .

.data           0x00800060       0x12 load address 0x000007c6
                0x00800060                PROVIDE (__data_start, .)
 *(.data)
 *(.data*)
 .data.u8_UART_TX_Flag
                0x00800060        0x1 APP/APP.o
 .data.gu8_Data_SentFlag
                0x00800061        0x1 MCAL/SPI/SPI.o
                0x00800061                gu8_Data_SentFlag
 .data.SPI_TX   0x00800062        0x7 MCAL/SPI/SPI_Pb.o
                0x00800062                SPI_TX
 .data.obj_UART
                0x00800069        0x8 MCAL/UART/UART_Pb.o
                0x00800069                obj_UART
 .data.u8_UART_InterruptMode
                0x00800071        0x1 MCAL/UART/UART.o
 *(.gnu.linkonce.d*)
 *(.rodata)
 *(.rodata*)
 *(.gnu.linkonce.r*)
                0x00800072                . = ALIGN (0x2)
                0x00800072                _edata = .
                0x00800072                PROVIDE (__data_end, .)

.bss            0x00800072       0x12
                0x00800072                PROVIDE (__bss_start, .)
 *(.bss)
 *(.bss*)
 .bss.g_u8_Global_Speed
                0x00800072        0x1 APP/APP.o
 .bss.Temp_Data
                0x00800073        0x1 APP/APP.o
 .bss.u8_VSE_State_Machine
                0x00800074        0x1 APP/APP.o
 .bss.g_Received_Speed_PC1
                0x00800075        0x1 APP/APP.o
 .bss.ga_Counter
                0x00800076        0x8 Frimware/TMU/TMU.o
 .bss.gu8_BufferCount
                0x0080007e        0x1 Frimware/TMU/TMU.o
 .bss.gu8_Interrupt_Polling_Mode
                0x0080007f        0x1 MCAL/SPI/SPI.o
                0x0080007f                gu8_Interrupt_Polling_Mode
 .bss.callBack_rx
                0x00800080        0x2 MCAL/UART/UART.o
 .bss.callBack_tx
                0x00800082        0x2 MCAL/UART/UART.o
 *(COMMON)
                0x00800084                PROVIDE (__bss_end, .)
                0x000007c6                __data_load_start = LOADADDR (.data)
                0x000007d8                __data_load_end = (__data_load_start + SIZEOF (.data))

.noinit         0x00800084        0x0
                [!provide]                PROVIDE (__noinit_start, .)
 *(.noinit*)
                [!provide]                PROVIDE (__noinit_end, .)
                0x00800084                _end = .
                [!provide]                PROVIDE (__heap_start, .)

.eeprom         0x00810000        0x0
 *(.eeprom*)
                0x00810000                __eeprom_end = .

.fuse
 *(.fuse)
 *(.lfuse)
 *(.hfuse)
 *(.efuse)

.lock
 *(.lock*)

.signature
 *(.signature*)

.user_signatures
 *(.user_signatures*)

.stab
 *(.stab)

.stabstr
 *(.stabstr)

.stab.excl
 *(.stab.excl)

.stab.exclstr
 *(.stab.exclstr)

.stab.index
 *(.stab.index)

.stab.indexstr
 *(.stab.indexstr)

.comment        0x00000000       0x30
 *(.comment)
 .comment       0x00000000       0x30 APP/APP.o
                                 0x31 (size before relaxing)
 .comment       0x00000030       0x31 Frimware/TMU/TMU.o
 .comment       0x00000030       0x31 Infrastructure/Interrupt.o
 .comment       0x00000030       0x31 MCAL/DIO/DIO.o
 .comment       0x00000030       0x31 MCAL/SPI/SPI.o
 .comment       0x00000030       0x31 MCAL/SPI/SPI_Pb.o
 .comment       0x00000030       0x31 main.o
 .comment       0x00000030       0x31 MCAL/UART/UART_Pb.o
 .comment       0x00000030       0x31 MCAL/UART/UART.o

.note.gnu.avr.deviceinfo
                0x00000000       0x3c
 .note.gnu.avr.deviceinfo
                0x00000000       0x3c C:/Program Files (x86)/Atmel/Studio/7.0/Packs/atmel/ATmega_DFP/1.2.209/gcc/dev/atmega32/avr5/crtatmega32.o

.note.gnu.build-id
 *(.note.gnu.build-id)

.debug
 *(.debug)

.line
 *(.line)

.debug_srcinfo
 *(.debug_srcinfo)

.debug_sfnames
 *(.debug_sfnames)

.debug_aranges  0x00000000      0x1c0
 *(.debug_aranges)
 .debug_aranges
                0x00000000       0x30 APP/APP.o
 .debug_aranges
                0x00000030       0x40 Frimware/TMU/TMU.o
 .debug_aranges
                0x00000070       0x28 Infrastructure/Interrupt.o
 .debug_aranges
                0x00000098       0x48 MCAL/DIO/DIO.o
 .debug_aranges
                0x000000e0       0x40 MCAL/SPI/SPI.o
 .debug_aranges
                0x00000120       0x18 MCAL/SPI/SPI_Pb.o
 .debug_aranges
                0x00000138       0x20 main.o
 .debug_aranges
                0x00000158       0x18 MCAL/UART/UART_Pb.o
 .debug_aranges
                0x00000170       0x50 MCAL/UART/UART.o

.debug_pubnames
 *(.debug_pubnames)

.debug_info     0x00000000     0x17f4
 *(.debug_info .gnu.linkonce.wi.*)
 .debug_info    0x00000000      0x4e6 C:/Program Files (x86)/Atmel/Studio/7.0/Packs/atmel/ATmega_DFP/1.2.209/gcc/dev/atmega32/avr5/crtatmega32.o
 .debug_info    0x000004e6      0x252 APP/APP.o
 .debug_info    0x00000738      0x332 Frimware/TMU/TMU.o
 .debug_info    0x00000a6a       0xa7 Infrastructure/Interrupt.o
 .debug_info    0x00000b11      0x24f MCAL/DIO/DIO.o
 .debug_info    0x00000d60      0x310 MCAL/SPI/SPI.o
 .debug_info    0x00001070      0x109 MCAL/SPI/SPI_Pb.o
 .debug_info    0x00001179      0x2b4 main.o
 .debug_info    0x0000142d      0x102 MCAL/UART/UART_Pb.o
 .debug_info    0x0000152f      0x2c5 MCAL/UART/UART.o

.debug_abbrev   0x00000000      0xc42
 *(.debug_abbrev)
 .debug_abbrev  0x00000000      0x4a3 C:/Program Files (x86)/Atmel/Studio/7.0/Packs/atmel/ATmega_DFP/1.2.209/gcc/dev/atmega32/avr5/crtatmega32.o
 .debug_abbrev  0x000004a3      0x11d APP/APP.o
 .debug_abbrev  0x000005c0      0x160 Frimware/TMU/TMU.o
 .debug_abbrev  0x00000720       0x46 Infrastructure/Interrupt.o
 .debug_abbrev  0x00000766       0xe3 MCAL/DIO/DIO.o
 .debug_abbrev  0x00000849      0x15d MCAL/SPI/SPI.o
 .debug_abbrev  0x000009a6       0x55 MCAL/SPI/SPI_Pb.o
 .debug_abbrev  0x000009fb       0xb9 main.o
 .debug_abbrev  0x00000ab4       0x55 MCAL/UART/UART_Pb.o
 .debug_abbrev  0x00000b09      0x139 MCAL/UART/UART.o

.debug_line     0x00000000     0x1314
 *(.debug_line .debug_line.* .debug_line_end)
 .debug_line    0x00000000      0x115 C:/Program Files (x86)/Atmel/Studio/7.0/Packs/atmel/ATmega_DFP/1.2.209/gcc/dev/atmega32/avr5/crtatmega32.o
 .debug_line    0x00000115      0x1f3 APP/APP.o
 .debug_line    0x00000308      0x249 Frimware/TMU/TMU.o
 .debug_line    0x00000551       0x76 Infrastructure/Interrupt.o
 .debug_line    0x000005c7      0x4f2 MCAL/DIO/DIO.o
 .debug_line    0x00000ab9      0x3af MCAL/SPI/SPI.o
 .debug_line    0x00000e68       0x5c MCAL/SPI/SPI_Pb.o
 .debug_line    0x00000ec4      0x104 main.o
 .debug_line    0x00000fc8       0x5f MCAL/UART/UART_Pb.o
 .debug_line    0x00001027      0x2ed MCAL/UART/UART.o

.debug_frame    0x00000000      0x37c
 *(.debug_frame)
 .debug_frame   0x00000000       0x44 APP/APP.o
 .debug_frame   0x00000044       0xcc Frimware/TMU/TMU.o
 .debug_frame   0x00000110       0x34 Infrastructure/Interrupt.o
 .debug_frame   0x00000144       0x74 MCAL/DIO/DIO.o
 .debug_frame   0x000001b8       0x80 MCAL/SPI/SPI.o
 .debug_frame   0x00000238       0x24 main.o
 .debug_frame   0x0000025c      0x120 MCAL/UART/UART.o

.debug_str      0x00000000      0x8f0
 *(.debug_str)
 .debug_str     0x00000000      0x196 C:/Program Files (x86)/Atmel/Studio/7.0/Packs/atmel/ATmega_DFP/1.2.209/gcc/dev/atmega32/avr5/crtatmega32.o
 .debug_str     0x00000196      0x23c APP/APP.o
                                0x270 (size before relaxing)
 .debug_str     0x000003d2      0x189 Frimware/TMU/TMU.o
                                0x304 (size before relaxing)
 .debug_str     0x0000055b       0x4d Infrastructure/Interrupt.o
                                0x1b9 (size before relaxing)
 .debug_str     0x000005a8       0xbe MCAL/DIO/DIO.o
                                0x231 (size before relaxing)
 .debug_str     0x00000666      0x109 MCAL/SPI/SPI.o
                                0x2b1 (size before relaxing)
 .debug_str     0x0000076f       0x23 MCAL/SPI/SPI_Pb.o
                                0x20e (size before relaxing)
 .debug_str     0x00000792       0xac main.o
                                0x2df (size before relaxing)
 .debug_str     0x0000083e       0x17 MCAL/UART/UART_Pb.o
                                0x203 (size before relaxing)
 .debug_str     0x00000855       0x9b MCAL/UART/UART.o
                                0x2e9 (size before relaxing)

.debug_loc      0x00000000     0x12bd
 *(.debug_loc)
 .debug_loc     0x00000000       0xd8 APP/APP.o
 .debug_loc     0x000000d8      0x302 Frimware/TMU/TMU.o
 .debug_loc     0x000003da      0x878 MCAL/DIO/DIO.o
 .debug_loc     0x00000c52      0x246 MCAL/SPI/SPI.o
 .debug_loc     0x00000e98      0x425 MCAL/UART/UART.o

.debug_macinfo
 *(.debug_macinfo)

.debug_weaknames
 *(.debug_weaknames)

.debug_funcnames
 *(.debug_funcnames)

.debug_typenames
 *(.debug_typenames)

.debug_varnames
 *(.debug_varnames)

.debug_pubtypes
 *(.debug_pubtypes)

.debug_ranges   0x00000000      0x120
 *(.debug_ranges)
 .debug_ranges  0x00000000       0x20 APP/APP.o
 .debug_ranges  0x00000020       0x30 Frimware/TMU/TMU.o
 .debug_ranges  0x00000050       0x18 Infrastructure/Interrupt.o
 .debug_ranges  0x00000068       0x38 MCAL/DIO/DIO.o
 .debug_ranges  0x000000a0       0x30 MCAL/SPI/SPI.o
 .debug_ranges  0x000000d0       0x10 main.o
 .debug_ranges  0x000000e0       0x40 MCAL/UART/UART.o

.debug_macro
 *(.debug_macro)
OUTPUT(VSE_RX.elf elf32-avr)
LOAD linker stubs
